Archive member included to satisfy reference by file (symbol)

c:/program files (x86)/liteos studio/resources/arm-none-eabi/bin/../lib/gcc/arm-none-eabi/7.3.1/../../../../arm-none-eabi/lib/thumb/v7e-m/fpv4-sp/hard\libc_nano.a(lib_a-calloc.o)
                              build/platform.o (calloc)
c:/program files (x86)/liteos studio/resources/arm-none-eabi/bin/../lib/gcc/arm-none-eabi/7.3.1/../../../../arm-none-eabi/lib/thumb/v7e-m/fpv4-sp/hard\libc_nano.a(lib_a-exit.o)
                              c:/program files (x86)/liteos studio/resources/arm-none-eabi/bin/../lib/gcc/arm-none-eabi/7.3.1/../../../../arm-none-eabi/lib/thumb/v7e-m/fpv4-sp/hard/crt0.o (exit)
c:/program files (x86)/liteos studio/resources/arm-none-eabi/bin/../lib/gcc/arm-none-eabi/7.3.1/../../../../arm-none-eabi/lib/thumb/v7e-m/fpv4-sp/hard\libc_nano.a(lib_a-fprintf.o)
                              build/commandline.o (fprintf)
c:/program files (x86)/liteos studio/resources/arm-none-eabi/bin/../lib/gcc/arm-none-eabi/7.3.1/../../../../arm-none-eabi/lib/thumb/v7e-m/fpv4-sp/hard\libc_nano.a(lib_a-fputc.o)
                              build/commandline.o (fputc)
c:/program files (x86)/liteos studio/resources/arm-none-eabi/bin/../lib/gcc/arm-none-eabi/7.3.1/../../../../arm-none-eabi/lib/thumb/v7e-m/fpv4-sp/hard\libc_nano.a(lib_a-fputs.o)
                              build/commandline.o (fputs)
c:/program files (x86)/liteos studio/resources/arm-none-eabi/bin/../lib/gcc/arm-none-eabi/7.3.1/../../../../arm-none-eabi/lib/thumb/v7e-m/fpv4-sp/hard\libc_nano.a(lib_a-fwrite.o)
                              build/commandline.o (fwrite)
c:/program files (x86)/liteos studio/resources/arm-none-eabi/bin/../lib/gcc/arm-none-eabi/7.3.1/../../../../arm-none-eabi/lib/thumb/v7e-m/fpv4-sp/hard\libc_nano.a(lib_a-impure.o)
                              c:/program files (x86)/liteos studio/resources/arm-none-eabi/bin/../lib/gcc/arm-none-eabi/7.3.1/../../../../arm-none-eabi/lib/thumb/v7e-m/fpv4-sp/hard\libc_nano.a(lib_a-exit.o) (_global_impure_ptr)
c:/program files (x86)/liteos studio/resources/arm-none-eabi/bin/../lib/gcc/arm-none-eabi/7.3.1/../../../../arm-none-eabi/lib/thumb/v7e-m/fpv4-sp/hard\libc_nano.a(lib_a-init.o)
                              c:/program files (x86)/liteos studio/resources/arm-none-eabi/bin/../lib/gcc/arm-none-eabi/7.3.1/../../../../arm-none-eabi/lib/thumb/v7e-m/fpv4-sp/hard/crt0.o (__libc_init_array)
c:/program files (x86)/liteos studio/resources/arm-none-eabi/bin/../lib/gcc/arm-none-eabi/7.3.1/../../../../arm-none-eabi/lib/thumb/v7e-m/fpv4-sp/hard\libc_nano.a(lib_a-locale.o)
                              build/uri.o (__locale_ctype_ptr)
c:/program files (x86)/liteos studio/resources/arm-none-eabi/bin/../lib/gcc/arm-none-eabi/7.3.1/../../../../arm-none-eabi/lib/thumb/v7e-m/fpv4-sp/hard\libc_nano.a(lib_a-malloc.o)
                              build/platform.o (free)
c:/program files (x86)/liteos studio/resources/arm-none-eabi/bin/../lib/gcc/arm-none-eabi/7.3.1/../../../../arm-none-eabi/lib/thumb/v7e-m/fpv4-sp/hard\libc_nano.a(lib_a-mbtowc_r.o)
                              c:/program files (x86)/liteos studio/resources/arm-none-eabi/bin/../lib/gcc/arm-none-eabi/7.3.1/../../../../arm-none-eabi/lib/thumb/v7e-m/fpv4-sp/hard\libc_nano.a(lib_a-locale.o) (__ascii_mbtowc)
c:/program files (x86)/liteos studio/resources/arm-none-eabi/bin/../lib/gcc/arm-none-eabi/7.3.1/../../../../arm-none-eabi/lib/thumb/v7e-m/fpv4-sp/hard\libc_nano.a(lib_a-memchr.o)
                              build/er-coap-13.o (memchr)
c:/program files (x86)/liteos studio/resources/arm-none-eabi/bin/../lib/gcc/arm-none-eabi/7.3.1/../../../../arm-none-eabi/lib/thumb/v7e-m/fpv4-sp/hard\libc_nano.a(lib_a-memcmp.o)
                              build/oid.o (memcmp)
c:/program files (x86)/liteos studio/resources/arm-none-eabi/bin/../lib/gcc/arm-none-eabi/7.3.1/../../../../arm-none-eabi/lib/thumb/v7e-m/fpv4-sp/hard\libc_nano.a(lib_a-memcpy-stub.o)
                              build/hal_rng.o (memcpy)
c:/program files (x86)/liteos studio/resources/arm-none-eabi/bin/../lib/gcc/arm-none-eabi/7.3.1/../../../../arm-none-eabi/lib/thumb/v7e-m/fpv4-sp/hard\libc_nano.a(lib_a-memmove.o)
                              build/ssl_tls.o (memmove)
c:/program files (x86)/liteos studio/resources/arm-none-eabi/bin/../lib/gcc/arm-none-eabi/7.3.1/../../../../arm-none-eabi/lib/thumb/v7e-m/fpv4-sp/hard\libc_nano.a(lib_a-memset.o)
                              c:/program files (x86)/liteos studio/resources/arm-none-eabi/bin/../lib/gcc/arm-none-eabi/7.3.1/../../../../arm-none-eabi/lib/thumb/v7e-m/fpv4-sp/hard/crt0.o (memset)
c:/program files (x86)/liteos studio/resources/arm-none-eabi/bin/../lib/gcc/arm-none-eabi/7.3.1/../../../../arm-none-eabi/lib/thumb/v7e-m/fpv4-sp/hard\libc_nano.a(lib_a-nano-callocr.o)
[...]
Memory Configuration

Name             Origin             Length             Attributes
RAM              0x20000000         0x00010000         xrw
FLASH            0x08000000         0x00040000         xr
*default*        0x00000000         0xffffffff

Linker script and memory map

LOAD c:/program files (x86)/liteos studio/resources/arm-none-eabi/bin/../lib/gcc/arm-none-eabi/7.3.1/thumb/v7e-m/fpv4-sp/hard/crti.o
LOAD c:/program files (x86)/liteos studio/resources/arm-none-eabi/bin/../lib/gcc/arm-none-eabi/7.3.1/thumb/v7e-m/fpv4-sp/hard/crtbegin.o
LOAD c:/program files (x86)/liteos studio/resources/arm-none-eabi/bin/../lib/gcc/arm-none-eabi/7.3.1/../../../../arm-none-eabi/lib/thumb/v7e-m/fpv4-sp/hard/crt0.o
LOAD build/stm32l4xx_hal_flash.o
LOAD build/stm32l4xx_hal_tim_ex.o
LOAD build/stm32l4xx_hal_rcc.o
LOAD build/stm32l4xx_hal_pwr_ex.o
LOAD build/stm32l4xx_hal_pwr.o
LOAD build/stm32l4xx_hal_gpio.o
LOAD build/stm32l4xx_hal_rcc_ex.o
LOAD build/stm32l4xx_hal_flash_ex.o
LOAD build/stm32l4xx_hal_flash_ramfunc.o
LOAD build/stm32l4xx_hal_cortex.o
LOAD build/stm32l4xx_hal_uart.o
LOAD build/stm32l4xx_hal.o
LOAD build/stm32l4xx_hal_tim.o
LOAD build/stm32l4xx_hal_spi.o
LOAD build/stm32l4xx_hal_spi_ex.o
LOAD build/stm32l4xx_hal_adc.o
LOAD build/stm32l4xx_hal_adc_ex.o
LOAD build/stm32l4xx_hal_i2c.o
LOAD build/stm32l4xx_hal_i2c_ex.o
LOAD build/stm32l4xx_hal_qspi.o
LOAD build/stm32l4xx_hal_iwdg.o
LOAD build/hal_qspi_flash.o
LOAD build/hal_iwdg.o
LOAD build/hal_rng.o
LOAD build/BH1750.o
LOAD build/lcd.o
LOAD build/stm32l4xx_hal_dma.o
LOAD build/stm32l4xx_hal_dma_ex.o
LOAD build/stm32l4xx_hal_rng.o
LOAD build/los_init.o
LOAD build/los_tick.o
LOAD build/los_sys.o
LOAD build/los_timeslice.o
LOAD build/los_task.o
LOAD build/los_priqueue.o
LOAD build/los_swtmr.o
LOAD build/los_queue.o
LOAD build/los_event.o
LOAD build/los_sem.o
LOAD build/los_mux.o
LOAD build/los_memory.o
LOAD build/los_heap.o
LOAD build/los_membox.o
LOAD build/los_slab.o
LOAD build/los_slabmem.o
LOAD build/los_memstat.o
LOAD build/los_memcheck.o
LOAD build/los_misc.o
LOAD build/los_err.o
LOAD build/los_tickless.o
LOAD build/cmsis_liteos.o
LOAD build/los_hw_tick.o
LOAD build/los_hwi.o
LOAD build/los_hw.o
LOAD build/los_exc.o
LOAD build/havege.o
LOAD build/ssl_cookie.o
LOAD build/md5.o
LOAD build/certs.o
LOAD build/ssl_ciphersuites.o
LOAD build/camellia.o
LOAD build/x509_crl.o
LOAD build/threading.o
LOAD build/aesni.o
LOAD build/bignum.o
LOAD build/arc4.o
LOAD build/cipher_wrap.o
LOAD build/aes.o
LOAD build/xtea.o
LOAD build/net_sockets.o
LOAD build/base64.o
LOAD build/sha512.o
LOAD build/pkcs11.o
LOAD build/asn1write.o
LOAD build/oid.o
LOAD build/ecjpake.o
LOAD build/ssl_tls.o
LOAD build/debug.o
LOAD build/ecdh.o
LOAD build/x509_crt.o
LOAD build/ssl_srv.o
LOAD build/sha1.o
LOAD build/ecdsa.o
LOAD build/md2.o
LOAD build/x509_create.o
LOAD build/cmac.o
LOAD build/gcm.o
LOAD build/version.o
LOAD build/pem.o
LOAD build/padlock.o
LOAD build/asn1parse.o
LOAD build/timing.o
LOAD build/ssl_cli.o
LOAD build/pkwrite.o
LOAD build/ssl_cache.o
LOAD build/sha256.o
LOAD build/md_wrap.o
LOAD build/entropy.o
LOAD build/md.o
LOAD build/rsa.o
LOAD build/ripemd160.o
LOAD build/version_features.o
LOAD build/cipher.o
LOAD build/entropy_poll.o
LOAD build/dhm.o
LOAD build/error.o
LOAD build/ssl_ticket.o
LOAD build/x509.o
LOAD build/blowfish.o
LOAD build/ecp.o
LOAD build/md4.o
LOAD build/x509_csr.o
LOAD build/pkparse.o
LOAD build/pkcs5.o
LOAD build/ccm.o
LOAD build/pkcs12.o
LOAD build/ecp_curves.o
LOAD build/pk_wrap.o
LOAD build/x509write_crt.o
LOAD build/ctr_drbg.o
LOAD build/platform.o
LOAD build/pk.o
LOAD build/x509write_csr.o
LOAD build/des.o
LOAD build/hmac_drbg.o
LOAD build/memory_buffer_alloc.o
LOAD build/dtls_interface.o
LOAD build/net_sockets_alt.o
LOAD build/timing_alt.o
LOAD build/entropy_hardware_poll.o
LOAD build/er-coap-13.o
LOAD build/data.o
LOAD build/transaction.o
LOAD build/lwm2m_utils.o
LOAD build/block1.o
LOAD build/json.o
LOAD build/uri.o
LOAD build/bootstrap.o
LOAD build/liblwm2m.o
LOAD build/discover.o
LOAD build/list.o
LOAD build/registration.o
LOAD build/observe.o
LOAD build/objects.o
LOAD build/tlv.o
LOAD build/management.o
LOAD build/packet.o
LOAD build/commandline.o
LOAD build/platform_adapter.o
LOAD build/object_connectivity_moni.o
LOAD build/atiny_fota_state.o
LOAD build/atiny_fota_manager.o
LOAD build/object_connectivity_stat.o
LOAD build/object_firmware.o
LOAD build/util_timer.o
LOAD build/object_access_control.o
LOAD build/atiny_rpt.o
LOAD build/agenttiny.o
LOAD build/firmware_update.o
LOAD build/object_binary_app_data_container.o
LOAD build/object_server.o
LOAD build/object_security.o
LOAD build/connection.o
LOAD build/object_location.o
LOAD build/object_device.o
LOAD build/agent_tiny_demo.o
LOAD build/agent_tiny_cmd_ioctl.o
LOAD build/atiny_osdep.o
LOAD build/atiny_socket.o
LOAD build/atiny_log.o
LOAD build/main.o
LOAD build/system_stm32l4xx.o
LOAD build/usart.o
LOAD build/dwt.o
LOAD build/sys_init.o
LOAD build/i2c.o
LOAD build/spi.o
LOAD build/gpio.o
LOAD build/user_task.o
LOAD build/at_api.o
LOAD build/at_main.o
LOAD build/at_hal.o
LOAD build/esp8266.o
LOAD build/m26.o
LOAD build/bc95.o
LOAD build/los_nb_api.o
LOAD build/ota_default.o
LOAD build/sota.o
LOAD build/ota.o
LOAD build/sota_hal.o
LOAD build/sota_demo.o
LOAD build/flag_manager.o
LOAD build/upgrade_flag.o
LOAD build/package_writer.o
LOAD build/package_checksum.o
LOAD build/package_head.o
LOAD build/package.o
LOAD build/ota_crc.o
LOAD build/ota_sha256.o
LOAD build/board.o
LOAD build/ota_port.o
LOAD build/flash_adaptor.o
LOAD build/los_startup_gcc.o
LOAD build/los_dispatch_gcc.o
LOAD c:/program files (x86)/liteos studio/resources/arm-none-eabi/bin/../lib/gcc/arm-none-eabi/7.3.1/../../../../arm-none-eabi/lib/thumb/v7e-m/fpv4-sp/hard\libc_nano.a
LOAD c:/program files (x86)/liteos studio/resources/arm-none-eabi/bin/../lib/gcc/arm-none-eabi/7.3.1/../../../../arm-none-eabi/lib/thumb/v7e-m/fpv4-sp/hard\libm.a
LOAD c:/program files (x86)/liteos studio/resources/arm-none-eabi/bin/../lib/gcc/arm-none-eabi/7.3.1/../../../../arm-none-eabi/lib/thumb/v7e-m/fpv4-sp/hard\libnosys.a
LOAD C:/Users/lenovo/Desktop/liteos/Project2/BearPi_LiteOS/targets/STM32L431_BearPi/GCC/../Lib\libhwpatch.a
START GROUP
LOAD c:/program files (x86)/liteos studio/resources/arm-none-eabi/bin/../lib/gcc/arm-none-eabi/7.3.1/thumb/v7e-m/fpv4-sp/hard\libgcc.a
LOAD c:/program files (x86)/liteos studio/resources/arm-none-eabi/bin/../lib/gcc/arm-none-eabi/7.3.1/../../../../arm-none-eabi/lib/thumb/v7e-m/fpv4-sp/hard\libc_nano.a
END GROUP
START GROUP
LOAD c:/program files (x86)/liteos studio/resources/arm-none-eabi/bin/../lib/gcc/arm-none-eabi/7.3.1/thumb/v7e-m/fpv4-sp/hard\libgcc.a
LOAD c:/program files (x86)/liteos studio/resources/arm-none-eabi/bin/../lib/gcc/arm-none-eabi/7.3.1/../../../../arm-none-eabi/lib/thumb/v7e-m/fpv4-sp/hard\libc_nano.a
END GROUP
LOAD c:/program files (x86)/liteos studio/resources/arm-none-eabi/bin/../lib/gcc/arm-none-eabi/7.3.1/thumb/v7e-m/fpv4-sp/hard/crtend.o
LOAD c:/program files (x86)/liteos studio/resources/arm-none-eabi/bin/../lib/gcc/arm-none-eabi/7.3.1/thumb/v7e-m/fpv4-sp/hard/crtn.o
                0x20010000                _estack = 0x20010000
                0x00000200                _Min_Heap_Size = 0x200
                0x00000400                _Min_Stack_Size = 0x400

.isr_vector     0x08000000       0x40
                0x08000000                . = ALIGN (0x8)
 *(.isr_vector)
 .isr_vector    0x08000000       0x40 build/los_startup_gcc.o
                0x08000000                g_pfnVectors
                0x08000040                . = ALIGN (0x8)

.text           0x08000040    0x1d5c0
                0x08000040                . = ALIGN (0x8)
 *(.text)
 .text          0x08000040       0x40 c:/program files (x86)/liteos studio/resources/arm-none-eabi/bin/../lib/gcc/arm-none-eabi/7.3.1/thumb/v7e-m/fpv4-sp/hard/crtbegin.o
 .text          0x08000080       0xec build/los_dispatch_gcc.o
                0x08000080                LOS_StartToRun
                0x080000cc                LOS_IntLock
                0x080000d4                LOS_IntUnLock
                0x080000dc                LOS_IntRestore
                0x080000e2                osTaskSchedule
                0x080000ec                PendSV_Handler
 *fill*         0x0800016c        0x4 
 .text          0x08000170       0xa0 c:/program files (x86)/liteos studio/resources/arm-none-eabi/bin/../lib/gcc/arm-none-eabi/7.3.1/../../../../arm-none-eabi/lib/thumb/v7e-m/fpv4-sp/hard\libc_nano.a(lib_a-memchr.o)
                0x08000170                memchr
 .text          0x08000210       0x10 c:/program files (x86)/liteos studio/resources/arm-none-eabi/bin/../lib/gcc/arm-none-eabi/7.3.1/../../../../arm-none-eabi/lib/thumb/v7e-m/fpv4-sp/hard\libc_nano.a(lib_a-strlen.o)
                0x08000210                strlen
 .text          0x08000220      0x378 c:/program files (x86)/liteos studio/resources/arm-none-eabi/bin/../lib/gcc/arm-none-eabi/7.3.1/thumb/v7e-m/fpv4-sp/hard\libgcc.a(_arm_addsubdf3.o)
                0x08000220                __aeabi_drsub
                0x08000228                __aeabi_dsub
                0x08000228                __subdf3
                0x0800022c                __aeabi_dadd
                0x0800022c                __adddf3
                0x080004a4                __floatunsidf
                0x080004a4                __aeabi_ui2d
                0x080004c4                __floatsidf
                0x080004c4                __aeabi_i2d
                0x080004e8                __aeabi_f2d
                0x080004e8                __extendsfdf2
                0x0800052c                __floatundidf
                0x0800052c                __aeabi_ul2d
                0x0800053c                __floatdidf
                0x0800053c                __aeabi_l2d
 .text          0x08000598      0x424 c:/program files (x86)/liteos studio/resources/arm-none-eabi/bin/../lib/gcc/arm-none-eabi/7.3.1/thumb/v7e-m/fpv4-sp/hard\libgcc.a(_arm_muldivdf3.o)
                0x08000598                __aeabi_dmul
                0x08000598                __muldf3
                0x080007ec                __divdf3
                0x080007ec                __aeabi_ddiv
 .text          0x080009bc      0x110 c:/program files (x86)/liteos studio/resources/arm-none-eabi/bin/../lib/gcc/arm-none-eabi/7.3.1/thumb/v7e-m/fpv4-sp/hard\libgcc.a(_arm_cmpdf2.o)
                0x080009bc                __gtdf2
                0x080009bc                __gedf2
                0x080009c4                __ltdf2
                0x080009c4                __ledf2
                0x080009cc                __nedf2
                0x080009cc                __eqdf2
                0x080009cc                __cmpdf2
                0x08000a48                __aeabi_cdrcmple
                0x08000a58                __aeabi_cdcmpeq
                0x08000a58                __aeabi_cdcmple
                0x08000a68                __aeabi_dcmpeq
                0x08000a7c                __aeabi_dcmplt
                0x08000a90                __aeabi_dcmple
                0x08000aa4                __aeabi_dcmpge
                0x08000ab8                __aeabi_dcmpgt
 .text          0x08000acc       0xa0 c:/program files (x86)/liteos studio/resources/arm-none-eabi/bin/../lib/gcc/arm-none-eabi/7.3.1/thumb/v7e-m/fpv4-sp/hard\libgcc.a(_arm_truncdfsf2.o)
                0x08000acc                __truncdfsf2
                0x08000acc                __aeabi_d2f
 .text          0x08000b6c       0xa0 c:/program files (x86)/liteos studio/resources/arm-none-eabi/bin/../lib/gcc/arm-none-eabi/7.3.1/thumb/v7e-m/fpv4-sp/hard\libgcc.a(_aeabi_ldivmod.o)
                0x08000b6c                __aeabi_ldivmod
 .text          0x08000c0c       0x30 c:/program files (x86)/liteos studio/resources/arm-none-eabi/bin/../lib/gcc/arm-none-eabi/7.3.1/thumb/v7e-m/fpv4-sp/hard\libgcc.a(_aeabi_uldivmod.o)
                0x08000c0c                __aeabi_uldivmod
 .text          0x08000c3c       0x30 c:/program files (x86)/liteos studio/resources/arm-none-eabi/bin/../lib/gcc/arm-none-eabi/7.3.1/thumb/v7e-m/fpv4-sp/hard\libgcc.a(_fixdfdi.o)
                0x08000c3c                __fixdfdi
                0x08000c3c                __aeabi_d2lz
 .text          0x08000c6c       0x44 c:/program files (x86)/liteos studio/resources/arm-none-eabi/bin/../lib/gcc/arm-none-eabi/7.3.1/thumb/v7e-m/fpv4-sp/hard\libgcc.a(_fixunsdfdi.o)
                0x08000c6c                __fixunsdfdi
                0x08000c6c                __aeabi_d2ulz
 .text          0x08000cb0      0x2cc c:/program files (x86)/liteos studio/resources/arm-none-eabi/bin/../lib/gcc/arm-none-eabi/7.3.1/thumb/v7e-m/fpv4-sp/hard\libgcc.a(_udivmoddi4.o)
                0x08000cb0                __udivmoddi4
 .text          0x08000f7c        0x4 c:/program files (x86)/liteos studio/resources/arm-none-eabi/bin/../lib/gcc/arm-none-eabi/7.3.1/thumb/v7e-m/fpv4-sp/hard\libgcc.a(_dvmd_tls.o)
                0x08000f7c                __aeabi_idiv0
                0x08000f7c                __aeabi_ldiv0
 .text          0x08000f80       0x40 c:/program files (x86)/liteos studio/resources/arm-none-eabi/bin/../lib/gcc/arm-none-eabi/7.3.1/thumb/v7e-m/fpv4-sp/hard\libgcc.a(_arm_fixunsdfsi.o)
                0x08000f80                __aeabi_d2uiz
                0x08000f80                __fixunsdfsi
 *(.text*)
 .text.RCC_SetFlashLatencyFromMSIRange
                0x08000fc0       0x90 build/stm32l4xx_hal_rcc.o
 .text.HAL_RCC_GetSysClockFreq
                0x08001050      0x100 build/stm32l4xx_hal_rcc.o
                0x08001050                HAL_RCC_GetSysClockFreq
 .text.HAL_RCC_OscConfig
                0x08001150      0x5d8 build/stm32l4xx_hal_rcc.o
                0x08001150                HAL_RCC_OscConfig
 .text.HAL_RCC_ClockConfig
                0x08001728      0x150 build/stm32l4xx_hal_rcc.o
                0x08001728                HAL_RCC_ClockConfig
 .text.HAL_RCC_GetHCLKFreq
                0x08001878        0xc build/stm32l4xx_hal_rcc.o
                0x08001878                HAL_RCC_GetHCLKFreq
 .text.HAL_RCC_GetPCLK1Freq
                0x08001884       0x20 build/stm32l4xx_hal_rcc.o
                0x08001884                HAL_RCC_GetPCLK1Freq
 .text.HAL_RCC_GetPCLK2Freq
                0x080018a4       0x20 build/stm32l4xx_hal_rcc.o
                0x080018a4                HAL_RCC_GetPCLK2Freq
 .text.HAL_PWREx_GetVoltageRange
                0x080018c4       0x10 build/stm32l4xx_hal_pwr_ex.o
                0x080018c4                HAL_PWREx_GetVoltageRange
 .text.HAL_PWREx_ControlVoltageScaling
                0x080018d4       0x90 build/stm32l4xx_hal_pwr_ex.o
                0x080018d4                HAL_PWREx_ControlVoltageScaling
 .text.HAL_PWR_EnableBkUpAccess
                0x08001964       0x10 build/stm32l4xx_hal_pwr.o
                0x08001964                HAL_PWR_EnableBkUpAccess
 .text.HAL_GPIO_Init
                0x08001974      0x194 build/stm32l4xx_hal_gpio.o
                0x08001974                HAL_GPIO_Init
 .text.HAL_GPIO_WritePin
                0x08001b08        0xa build/stm32l4xx_hal_gpio.o
                0x08001b08                HAL_GPIO_WritePin
 *fill*         0x08001b12        0x2 
 .text.RCCEx_PLLSAI1_Config
                0x08001b14      0x16c build/stm32l4xx_hal_rcc_ex.o
 .text.HAL_RCCEx_PeriphCLKConfig
                0x08001c80      0x31c build/stm32l4xx_hal_rcc_ex.o
                0x08001c80                HAL_RCCEx_PeriphCLKConfig
 .text.HAL_NVIC_SetPriorityGrouping
                0x08001f9c       0x24 build/stm32l4xx_hal_cortex.o
                0x08001f9c                HAL_NVIC_SetPriorityGrouping
 .text.HAL_NVIC_SetPriority
                0x08001fc0       0x68 build/stm32l4xx_hal_cortex.o
                0x08001fc0                HAL_NVIC_SetPriority
 .text.HAL_NVIC_EnableIRQ
                0x08002028       0x1c build/stm32l4xx_hal_cortex.o
                0x08002028                HAL_NVIC_EnableIRQ
 .text.HAL_NVIC_SystemReset
                0x08002044       0x24 build/stm32l4xx_hal_cortex.o
                0x08002044                HAL_NVIC_SystemReset
 .text.HAL_SYSTICK_Config
                0x08002068       0x2c build/stm32l4xx_hal_cortex.o
                0x08002068                HAL_SYSTICK_Config
 .text.UART_SetConfig
                0x08002094      0x3a8 build/stm32l4xx_hal_uart.o
                0x08002094                UART_SetConfig
 .text.UART_AdvFeatureConfig
                0x0800243c       0xca build/stm32l4xx_hal_uart.o
                0x0800243c                UART_AdvFeatureConfig
 .text.UART_WaitOnFlagUntilTimeout
                0x08002506       0x62 build/stm32l4xx_hal_uart.o
                0x08002506                UART_WaitOnFlagUntilTimeout
 .text.HAL_UART_Transmit
                0x08002568       0xce build/stm32l4xx_hal_uart.o
                0x08002568                HAL_UART_Transmit
 .text.UART_CheckIdleState
                0x08002636       0x70 build/stm32l4xx_hal_uart.o
                0x08002636                UART_CheckIdleState
 .text.HAL_UART_Init
                0x080026a6       0x66 build/stm32l4xx_hal_uart.o
                0x080026a6                HAL_UART_Init
 .text.HAL_MspInit
                0x0800270c        0x2 build/stm32l4xx_hal.o
                0x0800270c                HAL_MspInit
 *fill*         0x0800270e        0x2 
 .text.HAL_InitTick
                0x08002710       0x2c build/stm32l4xx_hal.o
                0x08002710                HAL_InitTick
 .text.HAL_Init
                0x0800273c       0x16 build/stm32l4xx_hal.o
                0x0800273c                HAL_Init
 .text.HAL_Delay
                0x08002752       0x1e build/stm32l4xx_hal.o
                0x08002752                HAL_Delay
 .text.SPI_WaitFlagStateUntilTimeout
                0x08002770       0x92 build/stm32l4xx_hal_spi.o
 .text.SPI_WaitFifoStateUntilTimeout
                0x08002802       0xa4 build/stm32l4xx_hal_spi.o
 .text.SPI_EndRxTxTransaction
                0x080028a6       0x66 build/stm32l4xx_hal_spi.o
 .text.HAL_SPI_Init
                0x0800290c       0xb0 build/stm32l4xx_hal_spi.o
                0x0800290c                HAL_SPI_Init
 .text.HAL_SPI_Transmit
                0x080029bc      0x1c2 build/stm32l4xx_hal_spi.o
                0x080029bc                HAL_SPI_Transmit
 .text.I2C_Flush_TXDR
                0x08002b7e       0x22 build/stm32l4xx_hal_i2c.o
 .text.I2C_TransferConfig
                0x08002ba0       0x36 build/stm32l4xx_hal_i2c.o
 .text.I2C_IsAcknowledgeFailed
                0x08002bd6       0x90 build/stm32l4xx_hal_i2c.o
 .text.I2C_WaitOnTXISFlagUntilTimeout
                0x08002c66       0x56 build/stm32l4xx_hal_i2c.o
 .text.I2C_WaitOnFlagUntilTimeout
                0x08002cbc       0x52 build/stm32l4xx_hal_i2c.o
 .text.I2C_WaitOnSTOPFlagUntilTimeout
                0x08002d0e       0x50 build/stm32l4xx_hal_i2c.o
 .text.I2C_WaitOnRXNEFlagUntilTimeout
                0x08002d5e       0x98 build/stm32l4xx_hal_i2c.o
 .text.HAL_I2C_Init
                0x08002df6       0xc2 build/stm32l4xx_hal_i2c.o
                0x08002df6                HAL_I2C_Init
 .text.HAL_I2C_Master_Transmit
                0x08002eb8      0x17c build/stm32l4xx_hal_i2c.o
                0x08002eb8                HAL_I2C_Master_Transmit
 .text.HAL_I2C_Master_Receive
                0x08003034      0x17c build/stm32l4xx_hal_i2c.o
                0x08003034                HAL_I2C_Master_Receive
 .text.HAL_I2CEx_ConfigAnalogFilter
                0x080031b0       0x5c build/stm32l4xx_hal_i2c_ex.o
                0x080031b0                HAL_I2CEx_ConfigAnalogFilter
 .text.HAL_I2CEx_ConfigDigitalFilter
                0x0800320c       0x58 build/stm32l4xx_hal_i2c_ex.o
                0x0800320c                HAL_I2CEx_ConfigDigitalFilter
 .text.QSPI_Config
                0x08003264      0x1d2 build/stm32l4xx_hal_qspi.o
 .text.QSPI_WaitFlagStateUntilTimeout
                0x08003436       0x4c build/stm32l4xx_hal_qspi.o
 .text.HAL_QSPI_Command
                0x08003482       0x98 build/stm32l4xx_hal_qspi.o
                0x08003482                HAL_QSPI_Command
 .text.HAL_QSPI_Transmit
                0x0800351a       0xca build/stm32l4xx_hal_qspi.o
                0x0800351a                HAL_QSPI_Transmit
 .text.HAL_QSPI_Receive
                0x080035e4       0xd4 build/stm32l4xx_hal_qspi.o
                0x080035e4                HAL_QSPI_Receive
 .text.HAL_QSPI_SetTimeout
                0x080036b8        0x4 build/stm32l4xx_hal_qspi.o
                0x080036b8                HAL_QSPI_SetTimeout
 .text.HAL_QSPI_Init
                0x080036bc       0xc8 build/stm32l4xx_hal_qspi.o
                0x080036bc                HAL_QSPI_Init
 .text.HAL_QSPI_MspInit
                0x08003784       0x54 build/hal_qspi_flash.o
                0x08003784                HAL_QSPI_MspInit
 .text.QSPI_Send_CMD
                0x080037d8       0x38 build/hal_qspi_flash.o
                0x080037d8                QSPI_Send_CMD
 .text.prv_spi_flash_write_enable
                0x08003810       0x1e build/hal_qspi_flash.o
 *fill*         0x0800382e        0x2 
 .text.QSPI_Receive
                0x08003830       0x20 build/hal_qspi_flash.o
                0x08003830                QSPI_Receive
 .text.prv_spi_flash_wait_write_end
                0x08003850       0x3c build/hal_qspi_flash.o
 .text.QSPI_Transmit
                0x0800388c       0x20 build/hal_qspi_flash.o
                0x0800388c                QSPI_Transmit
 .text.prv_spi_flash_write_page
                0x080038ac       0x46 build/hal_qspi_flash.o
 .text.prv_spi_flash_erase_sector
                0x080038f2       0x36 build/hal_qspi_flash.o
                0x080038f2                prv_spi_flash_erase_sector
 .text.hal_spi_flash_config
                0x08003928       0x50 build/hal_qspi_flash.o
                0x08003928                hal_spi_flash_config
 .text.hal_spi_flash_erase
                0x08003978       0x52 build/hal_qspi_flash.o
                0x08003978                hal_spi_flash_erase
 .text.hal_spi_flash_write
                0x080039ca      0x178 build/hal_qspi_flash.o
                0x080039ca                hal_spi_flash_write
 .text.hal_spi_flash_erase_write
                0x08003b42       0x22 build/hal_qspi_flash.o
                0x08003b42                hal_spi_flash_erase_write
 .text.hal_spi_flash_read
                0x08003b64       0x64 build/hal_qspi_flash.o
                0x08003b64                hal_spi_flash_read
 .text.hal_rng_generate_buffer
                0x08003bc8       0x44 build/hal_rng.o
                0x08003bc8                hal_rng_generate_buffer
 .text.Init_BH1750
                0x08003c0c       0x24 build/BH1750.o
                0x08003c0c                Init_BH1750
 .text.Start_BH1750
                0x08003c30       0x24 build/BH1750.o
                0x08003c30                Start_BH1750
 .text.Convert_BH1750
                0x08003c54       0x60 build/BH1750.o
                0x08003c54                Convert_BH1750
 .text.LCD_Pow  0x08003cb4       0x16 build/lcd.o
 .text.LCD_SPI_Send
                0x08003cca        0x8 build/lcd.o
 *fill*         0x08003cd2        0x2 
 .text.LCD_Write_Data
                0x08003cd4       0x24 build/lcd.o
 .text.LCD_Write_Cmd
                0x08003cf8       0x24 build/lcd.o
 .text.LCD_Gpio_Init
                0x08003d1c       0xa8 build/lcd.o
 .text.LCD_Write_HalfWord
                0x08003dc4       0x2c build/lcd.o
                0x08003dc4                LCD_Write_HalfWord
 .text.LCD_Address_Set
                0x08003df0       0x4e build/lcd.o
                0x08003df0                LCD_Address_Set
 *fill*         0x08003e3e        0x2 
 .text.LCD_Clear
                0x08003e40       0x58 build/lcd.o
                0x08003e40                LCD_Clear
 .text.LCD_ShowChar
                0x08003e98      0x164 build/lcd.o
                0x08003e98                LCD_ShowChar
 .text.LCD_ShowNum
                0x08003ffc       0x84 build/lcd.o
                0x08003ffc                LCD_ShowNum
 .text.LCD_ShowString
                0x08004080       0x52 build/lcd.o
                0x08004080                LCD_ShowString
 *fill*         0x080040d2        0x2 
 .text.LCD_Init
                0x080040d4      0x1a0 build/lcd.o
                0x080040d4                LCD_Init
 .text.HAL_RNG_GenerateRandomNumber
                0x08004274       0x5c build/stm32l4xx_hal_rng.o
                0x08004274                HAL_RNG_GenerateRandomNumber
 .text.osRegister
                0x080042d0        0xc build/los_init.o
 .text.LOS_Start
                0x080042dc       0x28 build/los_init.o
                0x080042dc                LOS_Start
 .text.LOS_KernelInit
                0x08004304       0xa8 build/los_init.o
                0x08004304                LOS_KernelInit
 .text.osTickHandler
                0x080043ac       0x2c build/los_tick.o
                0x080043ac                osTickHandler
 .text.LOS_TickCountGet
                0x080043d8        0xc build/los_sys.o
                0x080043d8                LOS_TickCountGet
 .text.osTimesliceInit
                0x080043e4       0x10 build/los_timeslice.o
                0x080043e4                osTimesliceInit
 .text.osTimesliceCheck
                0x080043f4       0x48 build/los_timeslice.o
                0x080043f4                osTimesliceCheck
 .text.osIdleTask
                0x0800443c        0x2 build/los_task.o
                0x0800443c                osIdleTask
 *fill*         0x0800443e        0x2 
 .text.osTaskSwitchCheck
                0x08004440       0xf4 build/los_task.o
                0x08004440                osTaskSwitchCheck
 .text.osTaskPriModify
                0x08004534       0x30 build/los_task.o
                0x08004534                osTaskPriModify
 .text.osTaskAdd2TimerList
                0x08004564       0x90 build/los_task.o
                0x08004564                osTaskAdd2TimerList
 .text.osTimerListDelete
                0x080045f4       0x44 build/los_task.o
                0x080045f4                osTimerListDelete
 .text.osTaskScan
                0x08004638       0xe4 build/los_task.o
                0x08004638                osTaskScan
 .text.osTaskInit
                0x0800471c       0xec build/los_task.o
                0x0800471c                osTaskInit
 .text.osTaskMonInit
                0x08004808       0x34 build/los_task.o
                0x08004808                osTaskMonInit
 .text.LOS_TaskCreateOnly
                0x0800483c      0x19c build/los_task.o
                0x0800483c                LOS_TaskCreateOnly
 .text.LOS_TaskCreate
                0x080049d8       0x7c build/los_task.o
                0x080049d8                LOS_TaskCreate
 .text.osIdleTaskCreate
                0x08004a54       0x44 build/los_task.o
                0x08004a54                osIdleTaskCreate
 .text.LOS_TaskDelete
                0x08004a98      0x16c build/los_task.o
                0x08004a98                LOS_TaskDelete
 .text.osTaskEntry
                0x08004c04       0x28 build/los_task.o
                0x08004c04                osTaskEntry
 .text.osTaskWait
                0x08004c2c       0x50 build/los_task.o
                0x08004c2c                osTaskWait
 .text.osTaskWake
                0x08004c7c       0x50 build/los_task.o
                0x08004c7c                osTaskWake
 .text.LOS_TaskYield
                0x08004ccc       0x84 build/los_task.o
                0x08004ccc                LOS_TaskYield
 .text.LOS_TaskDelay
                0x08004d50       0x6c build/los_task.o
                0x08004d50                LOS_TaskDelay
 .text.LOS_TaskNameGet
                0x08004dbc       0x3c build/los_task.o
                0x08004dbc                LOS_TaskNameGet
 .text.osPriqueueInit
                0x08004df8       0x38 build/los_priqueue.o
                0x08004df8                osPriqueueInit
 .text.osPriqueueEnqueue
                0x08004e30       0x40 build/los_priqueue.o
                0x08004e30                osPriqueueEnqueue
 .text.osPriqueueDequeue
                0x08004e70       0x44 build/los_priqueue.o
                0x08004e70                osPriqueueDequeue
 .text.osPriqueueTop
                0x08004eb4       0x24 build/los_priqueue.o
                0x08004eb4                osPriqueueTop
 .text.osPriqueueSize
                0x08004ed8       0x1c build/los_priqueue.o
                0x08004ed8                osPriqueueSize
 .text.osSwTmrTask
                0x08004ef4       0x3c build/los_swtmr.o
                0x08004ef4                osSwTmrTask
 .text.osSwTmrTaskCreate
                0x08004f30       0x34 build/los_swtmr.o
                0x08004f30                osSwTmrTaskCreate
 .text.osSwTmrInit
                0x08004f64       0xa0 build/los_swtmr.o
                0x08004f64                osSwTmrInit
 .text.osSwTmrStart
                0x08005004      0x178 build/los_swtmr.o
                0x08005004                osSwTmrStart
 .text.osSwTmrTimeoutHandle
                0x0800517c       0x94 build/los_swtmr.o
 .text.osSwtmrScan
                0x08005210       0x20 build/los_swtmr.o
                0x08005210                osSwtmrScan
 .text.osQueueInit
                0x08005230       0x68 build/los_queue.o
                0x08005230                osQueueInit
 .text.LOS_QueueCreate
                0x08005298       0xdc build/los_queue.o
                0x08005298                LOS_QueueCreate
 .text.osQueueOperate
                0x08005374      0x1f0 build/los_queue.o
                0x08005374                osQueueOperate
 .text.LOS_QueueReadCopy
                0x08005564       0x64 build/los_queue.o
                0x08005564                LOS_QueueReadCopy
 .text.LOS_QueueWriteCopy
                0x080055c8       0x50 build/los_queue.o
                0x080055c8                LOS_QueueWriteCopy
 .text.LOS_QueueDelete
                0x08005618       0xa8 build/los_queue.o
                0x08005618                LOS_QueueDelete
 .text.osSemInit
                0x080056c0       0x60 build/los_sem.o
                0x080056c0                osSemInit
 .text.osSemCreate
                0x08005720       0x84 build/los_sem.o
                0x08005720                osSemCreate
 .text.LOS_SemCreate
                0x080057a4        0xe build/los_sem.o
                0x080057a4                LOS_SemCreate
 .text.LOS_BinarySemCreate
                0x080057b2        0xc build/los_sem.o
                0x080057b2                LOS_BinarySemCreate
 *fill*         0x080057be        0x2 
 .text.LOS_SemDelete
                0x080057c0       0x78 build/los_sem.o
                0x080057c0                LOS_SemDelete
 .text.LOS_SemPend
                0x08005838      0x110 build/los_sem.o
                0x08005838                LOS_SemPend
 .text.LOS_SemPost
                0x08005948       0xa0 build/los_sem.o
                0x08005948                LOS_SemPost
 .text.osMuxInit
                0x080059e8       0x64 build/los_mux.o
                0x080059e8                osMuxInit
 .text.LOS_MuxCreate
                0x08005a4c       0x74 build/los_mux.o
                0x08005a4c                LOS_MuxCreate
 .text.LOS_MuxDelete
                0x08005ac0       0x80 build/los_mux.o
                0x08005ac0                LOS_MuxDelete
 .text.LOS_MuxPend
                0x08005b40      0x140 build/los_mux.o
                0x08005b40                LOS_MuxPend
 .text.LOS_MuxPost
                0x08005c80       0xdc build/los_mux.o
                0x08005c80                LOS_MuxPost
 .text.osSlabCtrlHdrGet
                0x08005d5c        0x4 build/los_memory.o
                0x08005d5c                osSlabCtrlHdrGet
 .text.LOS_MemInit
                0x08005d60       0xd4 build/los_memory.o
                0x08005d60                LOS_MemInit
 .text.osMemSystemInit
                0x08005e34       0x18 build/los_memory.o
                0x08005e34                osMemSystemInit
 .text.LOS_MemAlloc
                0x08005e4c       0x2a build/los_memory.o
                0x08005e4c                LOS_MemAlloc
 .text.LOS_MemAllocAlign
                0x08005e76        0x8 build/los_memory.o
                0x08005e76                LOS_MemAllocAlign
 .text.LOS_MemFree
                0x08005e7e       0x2e build/los_memory.o
                0x08005e7e                LOS_MemFree
 .text.osHeapPrvGetNext
                0x08005eac       0x18 build/los_heap.o
                0x08005eac                osHeapPrvGetNext
 .text.osHeapInit
                0x08005ec4       0x46 build/los_heap.o
                0x08005ec4                osHeapInit
 *fill*         0x08005f0a        0x2 
 .text.osHeapFree
                0x08005f0c      0x128 build/los_heap.o
                0x08005f0c                osHeapFree
 .text.osHeapStatisticsGet
                0x08006034       0x60 build/los_heap.o
                0x08006034                osHeapStatisticsGet
 .text.osAlarmHeapInfo
                0x08006094       0x1c build/los_heap.o
                0x08006094                osAlarmHeapInfo
 .text.osHeapAlloc
                0x080060b0      0x120 build/los_heap.o
                0x080060b0                osHeapAlloc
 .text.osHeapAllocAlign
                0x080061d0       0x4c build/los_heap.o
                0x080061d0                osHeapAllocAlign
 .text.osAtomicBitsetInit
                0x0800621c       0x2c build/los_slab.o
                0x0800621c                osAtomicBitsetInit
 .text.osAtomicBitsetGetBit
                0x08006248       0x1e build/los_slab.o
                0x08006248                osAtomicBitsetGetBit
 .text.osAtomicBitsetClearBit
                0x08006266       0x2a build/los_slab.o
                0x08006266                osAtomicBitsetClearBit
 .text.osAtomicBitsetFindClearAndSet
                0x08006290       0x46 build/los_slab.o
                0x08006290                osAtomicBitsetFindClearAndSet
 .text.osSlabAllocatorNew
                0x080062d6       0x3e build/los_slab.o
                0x080062d6                osSlabAllocatorNew
 .text.osSlabAllocatorAlloc
                0x08006314       0x1c build/los_slab.o
                0x08006314                osSlabAllocatorAlloc
 .text.osSlabAllocatorFree
                0x08006330       0x3c build/los_slab.o
                0x08006330                osSlabAllocatorFree
 .text.osSlabBlockHeadFill
                0x0800636c       0x10 build/los_slabmem.o
                0x0800636c                osSlabBlockHeadFill
 .text.osSlabMemInit
                0x0800637c       0x52 build/los_slabmem.o
                0x0800637c                osSlabMemInit
 .text.osSlabMemAlloc
                0x080063ce       0x82 build/los_slabmem.o
                0x080063ce                osSlabMemAlloc
 .text.osSlabMemFree
                0x08006450       0x66 build/los_slabmem.o
                0x08006450                osSlabMemFree
 .text.LOS_Align
                0x080064b6       0x16 build/los_misc.o
                0x080064b6                LOS_Align
 .text.LOS_ErrHandle
                0x080064cc       0x1c build/los_err.o
                0x080064cc                LOS_ErrHandle
 .text.osTickStart
                0x080064e8       0x8c build/los_hw_tick.o
                0x080064e8                osTickStart
 .text.osIntNumGet
                0x08006574        0x6 build/los_hwi.o
                0x08006574                osIntNumGet
 *fill*         0x0800657a        0x2 
 .text.osHwiDefaultHandler
                0x0800657c       0x28 build/los_hwi.o
                0x0800657c                osHwiDefaultHandler
 .text.osInterrupt
                0x080065a4       0x3c build/los_hwi.o
                0x080065a4                osInterrupt
 .text.osHwiInit
                0x080065e0       0x3c build/los_hwi.o
                0x080065e0                osHwiInit
 .text.LOS_HwiCreate
                0x0800661c       0xb0 build/los_hwi.o
                0x0800661c                LOS_HwiCreate
 .text.osTaskExit
                0x080066cc        0x4 build/los_hw.o
                0x080066cc                osTaskExit
 .text.osSchedule
                0x080066d0        0x8 build/los_hw.o
                0x080066d0                osSchedule
 .text.LOS_Schedule
                0x080066d8       0x3c build/los_hw.o
                0x080066d8                LOS_Schedule
 .text.osTskStackInit
                0x08006714       0x90 build/los_hw.o
                0x08006714                osTskStackInit
 .text.mbedtls_mpi_zeroize
                0x080067a4       0x12 build/bignum.o
 .text.mbedtls_clz
                0x080067b6       0x18 build/bignum.o
 .text.mpi_get_digit
                0x080067ce       0x42 build/bignum.o
 .text.mpi_sub_hlp
                0x08006810       0x4e build/bignum.o
 .text.mpi_mul_hlp
                0x0800685e      0x342 build/bignum.o
 .text.mbedtls_int_div_int
                0x08006ba0       0x5c build/bignum.o
 .text.mpi_montg_init
                0x08006bfc       0x30 build/bignum.o
 .text.mbedtls_mpi_init
                0x08006c2c        0xe build/bignum.o
                0x08006c2c                mbedtls_mpi_init
 *fill*         0x08006c3a        0x2 
 .text.mbedtls_mpi_free
                0x08006c3c       0x2c build/bignum.o
                0x08006c3c                mbedtls_mpi_free
 .text.mbedtls_mpi_grow
                0x08006c68       0x60 build/bignum.o
                0x08006c68                mbedtls_mpi_grow
 .text.mbedtls_mpi_copy
                0x08006cc8       0x58 build/bignum.o
                0x08006cc8                mbedtls_mpi_copy
 .text.mbedtls_mpi_lset
                0x08006d20       0x3c build/bignum.o
                0x08006d20                mbedtls_mpi_lset
 .text.mbedtls_mpi_lsb
                0x08006d5c       0x34 build/bignum.o
                0x08006d5c                mbedtls_mpi_lsb
 .text.mbedtls_mpi_bitlen
                0x08006d90       0x2e build/bignum.o
                0x08006d90                mbedtls_mpi_bitlen
 .text.mbedtls_mpi_size
                0x08006dbe        0xc build/bignum.o
                0x08006dbe                mbedtls_mpi_size
 .text.mbedtls_mpi_read_binary
                0x08006dca       0x6c build/bignum.o
                0x08006dca                mbedtls_mpi_read_binary
 .text.mbedtls_mpi_write_binary
                0x08006e36       0x48 build/bignum.o
                0x08006e36                mbedtls_mpi_write_binary
 .text.mbedtls_mpi_shift_l
                0x08006e7e       0xa4 build/bignum.o
                0x08006e7e                mbedtls_mpi_shift_l
 .text.mbedtls_mpi_shift_r
                0x08006f22       0x90 build/bignum.o
                0x08006f22                mbedtls_mpi_shift_r
 .text.mbedtls_mpi_cmp_abs
                0x08006fb2       0x74 build/bignum.o
                0x08006fb2                mbedtls_mpi_cmp_abs
 .text.mpi_montmul
                0x08007026       0xdc build/bignum.o
 .text.mpi_montred
                0x08007102       0x20 build/bignum.o
 .text.mbedtls_mpi_cmp_mpi
                0x08007122       0x90 build/bignum.o
                0x08007122                mbedtls_mpi_cmp_mpi
 .text.mbedtls_mpi_cmp_int
                0x080071b2       0x30 build/bignum.o
                0x080071b2                mbedtls_mpi_cmp_int
 .text.mbedtls_mpi_add_abs
                0x080071e2       0xa8 build/bignum.o
                0x080071e2                mbedtls_mpi_add_abs
 .text.mbedtls_mpi_sub_abs
                0x0800728a       0x76 build/bignum.o
                0x0800728a                mbedtls_mpi_sub_abs
 .text.mbedtls_mpi_add_mpi
                0x08007300       0x54 build/bignum.o
                0x08007300                mbedtls_mpi_add_mpi
 .text.mbedtls_mpi_sub_mpi
                0x08007354       0x58 build/bignum.o
                0x08007354                mbedtls_mpi_sub_mpi
 .text.mbedtls_mpi_add_int
                0x080073ac       0x30 build/bignum.o
                0x080073ac                mbedtls_mpi_add_int
 .text.mbedtls_mpi_sub_int
                0x080073dc       0x30 build/bignum.o
                0x080073dc                mbedtls_mpi_sub_int
 .text.mbedtls_mpi_mul_mpi
                0x0800740c       0xca build/bignum.o
                0x0800740c                mbedtls_mpi_mul_mpi
 .text.mbedtls_mpi_mul_int
                0x080074d6       0x1c build/bignum.o
                0x080074d6                mbedtls_mpi_mul_int
 .text.mbedtls_mpi_read_string
                0x080074f2      0x13e build/bignum.o
                0x080074f2                mbedtls_mpi_read_string
 .text.mbedtls_mpi_div_mpi
                0x08007630      0x3a8 build/bignum.o
                0x08007630                mbedtls_mpi_div_mpi
 .text.mbedtls_mpi_mod_mpi
                0x080079d8       0x68 build/bignum.o
                0x080079d8                mbedtls_mpi_mod_mpi
 .text.mbedtls_mpi_exp_mod
                0x08007a40      0x49c build/bignum.o
                0x08007a40                mbedtls_mpi_exp_mod
 .text.mbedtls_mpi_gcd
                0x08007edc      0x11e build/bignum.o
                0x08007edc                mbedtls_mpi_gcd
 .text.mbedtls_mpi_fill_random
                0x08007ffa       0x3c build/bignum.o
                0x08007ffa                mbedtls_mpi_fill_random
 .text.mbedtls_mpi_inv_mod
                0x08008036      0x2cc build/bignum.o
                0x08008036                mbedtls_mpi_inv_mod
 .text.mbedtls_zeroize
                0x08008302       0x12 build/sha256.o
 .text.mbedtls_sha256_init
                0x08008314        0xc build/sha256.o
                0x08008314                mbedtls_sha256_init
 .text.mbedtls_sha256_free
                0x08008320        0xe build/sha256.o
                0x08008320                mbedtls_sha256_free
 .text.mbedtls_sha256_clone
                0x0800832e        0xa build/sha256.o
                0x0800832e                mbedtls_sha256_clone
 .text.mbedtls_sha256_starts
                0x08008338       0xa4 build/sha256.o
                0x08008338                mbedtls_sha256_starts
 .text.mbedtls_sha256_process
                0x080083dc      0x7a8 build/sha256.o
                0x080083dc                mbedtls_sha256_process
 .text.mbedtls_sha256_update
                0x08008b84       0x74 build/sha256.o
                0x08008b84                mbedtls_sha256_update
 .text.mbedtls_sha256_finish
                0x08008bf8      0x108 build/sha256.o
                0x08008bf8                mbedtls_sha256_finish
 .text.mbedtls_sha256
                0x08008d00       0x36 build/sha256.o
                0x08008d00                mbedtls_sha256
 .text.sha224_process_wrap
                0x08008d36        0x8 build/md_wrap.o
 .text.sha224_clone_wrap
                0x08008d3e        0x8 build/md_wrap.o
 *fill*         0x08008d46        0x2 
 .text.sha224_ctx_free
                0x08008d48       0x18 build/md_wrap.o
 .text.sha224_ctx_alloc
                0x08008d60       0x1c build/md_wrap.o
 .text.sha224_wrap
                0x08008d7c        0xa build/md_wrap.o
 .text.sha256_wrap
                0x08008d86        0xa build/md_wrap.o
 .text.sha224_finish_wrap
                0x08008d90        0x8 build/md_wrap.o
 .text.sha224_update_wrap
                0x08008d98        0x8 build/md_wrap.o
 .text.sha224_starts_wrap
                0x08008da0        0xa build/md_wrap.o
 .text.sha256_starts_wrap
                0x08008daa        0xa build/md_wrap.o
 .text.mbedtls_zeroize
                0x08008db4       0x12 build/md.o
 *fill*         0x08008dc6        0x2 
 .text.mbedtls_md_info_from_type
                0x08008dc8       0x1c build/md.o
                0x08008dc8                mbedtls_md_info_from_type
 .text.mbedtls_md_init
                0x08008de4        0xa build/md.o
                0x08008de4                mbedtls_md_init
 *fill*         0x08008dee        0x2 
 .text.mbedtls_md_free
                0x08008df0       0x38 build/md.o
                0x08008df0                mbedtls_md_free
 .text.mbedtls_md_setup
                0x08008e28       0x4c build/md.o
                0x08008e28                mbedtls_md_setup
 .text.mbedtls_md_starts
                0x08008e74       0x20 build/md.o
                0x08008e74                mbedtls_md_starts
 .text.mbedtls_md_update
                0x08008e94       0x20 build/md.o
                0x08008e94                mbedtls_md_update
 .text.mbedtls_md_finish
                0x08008eb4       0x20 build/md.o
                0x08008eb4                mbedtls_md_finish
 .text.mbedtls_md_get_size
                0x08008ed4        0xa build/md.o
                0x08008ed4                mbedtls_md_get_size
 .text.mbedtls_zeroize
                0x08008ede       0x12 build/rsa.o
 .text.rsa_prepare_blinding
                0x08008ef0       0xd8 build/rsa.o
 .text.mgf_mask
                0x08008fc8       0x8c build/rsa.o
 .text.mbedtls_rsa_set_padding
                0x08009054        0xa build/rsa.o
                0x08009054                mbedtls_rsa_set_padding
 .text.mbedtls_rsa_init
                0x0800905e       0x1c build/rsa.o
                0x0800905e                mbedtls_rsa_init
 *fill*         0x0800907a        0x2 
 .text.mbedtls_rsa_check_pubkey
                0x0800907c       0x78 build/rsa.o
                0x0800907c                mbedtls_rsa_check_pubkey
 .text.mbedtls_rsa_public
                0x080090f4       0x70 build/rsa.o
                0x080090f4                mbedtls_rsa_public
 .text.mbedtls_rsa_private
                0x08009164      0x26c build/rsa.o
                0x08009164                mbedtls_rsa_private
 .text.mbedtls_rsa_rsassa_pss_verify_ext
                0x080093d0      0x1f4 build/rsa.o
                0x080093d0                mbedtls_rsa_rsassa_pss_verify_ext
 .text.mbedtls_rsa_rsassa_pss_verify
                0x080095c4       0x32 build/rsa.o
                0x080095c4                mbedtls_rsa_rsassa_pss_verify
 *fill*         0x080095f6        0x2 
 .text.mbedtls_rsa_pkcs1_verify
                0x080095f8       0x30 build/rsa.o
                0x080095f8                mbedtls_rsa_pkcs1_verify
 .text.mbedtls_rsa_free
                0x08009628       0x6c build/rsa.o
                0x08009628                mbedtls_rsa_free
 .text.mbedtls_platform_set_calloc_free
                0x08009694       0x14 build/platform.o
                0x08009694                mbedtls_platform_set_calloc_free
 .text.coap_log_2
                0x080096a8       0x18 build/er-coap-13.o
 .text.coap_parse_int_option
                0x080096c0       0x22 build/er-coap-13.o
 .text.coap_option_nibble
                0x080096e2       0x16 build/er-coap-13.o
 .text.coap_set_option_header
                0x080096f8       0x58 build/er-coap-13.o
 .text.coap_serialize_int_option
                0x08009750       0x5e build/er-coap-13.o
 .text.coap_serialize_multi_option
                0x080097ae       0x34 build/er-coap-13.o
 .text.coap_serialize_array_option
                0x080097e2       0x82 build/er-coap-13.o
 .text.coap_merge_multi_option
                0x08009864       0x34 build/er-coap-13.o
 .text.coap_add_multi_option
                0x08009898       0x5c build/er-coap-13.o
                0x08009898                coap_add_multi_option
 .text.free_multi_option
                0x080098f4       0x28 build/er-coap-13.o
                0x080098f4                free_multi_option
 .text.coap_get_multi_option_as_string
                0x0800991c       0x46 build/er-coap-13.o
                0x0800991c                coap_get_multi_option_as_string
 .text.coap_init_message
                0x08009962       0x1a build/er-coap-13.o
                0x08009962                coap_init_message
 .text.coap_free_header
                0x0800997c       0x24 build/er-coap-13.o
                0x0800997c                coap_free_header
 .text.coap_serialize_get_size
                0x080099a0       0xfc build/er-coap-13.o
                0x080099a0                coap_serialize_get_size
 .text.coap_serialize_message
                0x08009a9c      0x2fc build/er-coap-13.o
                0x08009a9c                coap_serialize_message
 .text.coap_parse_message
                0x08009d98      0x314 build/er-coap-13.o
                0x08009d98                coap_parse_message
 .text.coap_set_status_code
                0x0800a0ac        0xe build/er-coap-13.o
                0x0800a0ac                coap_set_status_code
 .text.coap_set_header_content_type
                0x0800a0ba        0xe build/er-coap-13.o
                0x0800a0ba                coap_set_header_content_type
 .text.coap_get_header_token
                0x0800a0c8       0x18 build/er-coap-13.o
                0x0800a0c8                coap_get_header_token
 .text.coap_set_header_token
                0x0800a0e0       0x28 build/er-coap-13.o
                0x0800a0e0                coap_set_header_token
 .text.coap_set_header_uri_path
                0x0800a108       0x64 build/er-coap-13.o
                0x0800a108                coap_set_header_uri_path
 .text.coap_set_header_uri_path_segment
                0x0800a16c       0x40 build/er-coap-13.o
                0x0800a16c                coap_set_header_uri_path_segment
 .text.coap_set_header_uri_query
                0x0800a1ac       0x66 build/er-coap-13.o
                0x0800a1ac                coap_set_header_uri_query
 .text.coap_set_header_location_path
                0x0800a212       0x64 build/er-coap-13.o
                0x0800a212                coap_set_header_location_path
 .text.coap_get_header_observe
                0x0800a276       0x14 build/er-coap-13.o
                0x0800a276                coap_get_header_observe
 .text.coap_set_header_observe
                0x0800a28a       0x12 build/er-coap-13.o
                0x0800a28a                coap_set_header_observe
 .text.coap_get_header_block2
                0x0800a29c       0x3a build/er-coap-13.o
                0x0800a29c                coap_get_header_block2
 .text.coap_set_header_block2
                0x0800a2d6       0x38 build/er-coap-13.o
                0x0800a2d6                coap_set_header_block2
 .text.coap_get_header_block1
                0x0800a30e       0x3a build/er-coap-13.o
                0x0800a30e                coap_get_header_block1
 .text.coap_set_header_block1
                0x0800a348       0x32 build/er-coap-13.o
                0x0800a348                coap_set_header_block1
 .text.coap_set_payload
                0x0800a37a        0xe build/er-coap-13.o
                0x0800a37a                coap_set_payload
 .text.prv_setBuffer
                0x0800a388       0x24 build/data.o
 .text.prv_textSerialize
                0x0800a3ac      0x146 build/data.o
 *fill*         0x0800a4f2        0x2 
 .text.lwm2m_data_new
                0x0800a4f4       0x44 build/data.o
                0x0800a4f4                lwm2m_data_new
 .text.lwm2m_data_free
                0x0800a538       0x78 build/data.o
                0x0800a538                lwm2m_data_free
 .text.lwm2m_data_encode_string
                0x0800a5b0       0x54 build/data.o
                0x0800a5b0                lwm2m_data_encode_string
 .text.lwm2m_data_encode_opaque
                0x0800a604       0x4c build/data.o
                0x0800a604                lwm2m_data_encode_opaque
 .text.lwm2m_data_encode_nstring
                0x0800a650       0x44 build/data.o
                0x0800a650                lwm2m_data_encode_nstring
 .text.lwm2m_data_encode_int
                0x0800a694       0x34 build/data.o
                0x0800a694                lwm2m_data_encode_int
 .text.lwm2m_data_decode_int
                0x0800a6c8       0xd0 build/data.o
                0x0800a6c8                lwm2m_data_decode_int
 .text.lwm2m_data_encode_float
                0x0800a798       0x40 build/data.o
                0x0800a798                lwm2m_data_encode_float
 .text.lwm2m_data_decode_float
                0x0800a7d8       0xb4 build/data.o
                0x0800a7d8                lwm2m_data_decode_float
 .text.lwm2m_data_encode_bool
                0x0800a88c       0x40 build/data.o
                0x0800a88c                lwm2m_data_encode_bool
 .text.lwm2m_data_decode_bool
                0x0800a8cc       0xbc build/data.o
                0x0800a8cc                lwm2m_data_decode_bool
 .text.lwm2m_data_include
                0x0800a988       0x48 build/data.o
                0x0800a988                lwm2m_data_include
 .text.lwm2m_data_encode_instances
                0x0800a9d0       0x38 build/data.o
                0x0800a9d0                lwm2m_data_encode_instances
 .text.lwm2m_data_parse
                0x0800aa08      0x188 build/data.o
                0x0800aa08                lwm2m_data_parse
 .text.lwm2m_data_serialize
                0x0800ab90      0x20c build/data.o
                0x0800ab90                lwm2m_data_serialize
 .text.prv_checkFinished
                0x0800ad9c       0xe8 build/transaction.o
 .text.transaction_new
                0x0800ae84      0x23c build/transaction.o
                0x0800ae84                transaction_new
 .text.transaction_free
                0x0800b0c0       0x3c build/transaction.o
                0x0800b0c0                transaction_free
 .text.transaction_remove
                0x0800b0fc       0x34 build/transaction.o
                0x0800b0fc                transaction_remove
 .text.transaction_handleResponse
                0x0800b130      0x1a0 build/transaction.o
                0x0800b130                transaction_handleResponse
 .text.transaction_send
                0x0800b2d0      0x20c build/transaction.o
                0x0800b2d0                transaction_send
 .text.transaction_step
                0x0800b4dc       0x80 build/transaction.o
                0x0800b4dc                transaction_step
 .text.prv_encodeBlock
                0x0800b55c       0x44 build/lwm2m_utils.o
 .text.utils_textToInt
                0x0800b5a0       0xa0 build/lwm2m_utils.o
                0x0800b5a0                utils_textToInt
 .text.utils_textToFloat
                0x0800b640      0x130 build/lwm2m_utils.o
                0x0800b640                utils_textToFloat
 .text.utils_intToText
                0x0800b770       0x8e build/lwm2m_utils.o
                0x0800b770                utils_intToText
 *fill*         0x0800b7fe        0x2 
 .text.utils_floatToText
                0x0800b800      0x18c build/lwm2m_utils.o
                0x0800b800                utils_floatToText
 .text.utils_stringToBinding
                0x0800b98c       0x74 build/lwm2m_utils.o
                0x0800b98c                utils_stringToBinding
 .text.utils_convertMediaType
                0x0800ba00       0x4e build/lwm2m_utils.o
                0x0800ba00                utils_convertMediaType
 .text.utils_findServer
                0x0800ba4e       0x20 build/lwm2m_utils.o
                0x0800ba4e                utils_findServer
 .text.utils_isAltPathValid
                0x0800ba6e       0x64 build/lwm2m_utils.o
                0x0800ba6e                utils_isAltPathValid
 .text.utils_stringCopy
                0x0800bad2       0x3c build/lwm2m_utils.o
                0x0800bad2                utils_stringCopy
 .text.utils_copyValue
                0x0800bb0e       0x1e build/lwm2m_utils.o
                0x0800bb0e                utils_copyValue
 .text.utils_base64GetSize
                0x0800bb2c       0x1c build/lwm2m_utils.o
                0x0800bb2c                utils_base64GetSize
 .text.utils_base64Encode
                0x0800bb48       0xb8 build/lwm2m_utils.o
                0x0800bb48                utils_base64Encode
 .text.coap_block1_handler
                0x0800bc00       0xce build/block1.o
                0x0800bc00                coap_block1_handler
 .text.free_block1_buffer
                0x0800bcce       0x1a build/block1.o
                0x0800bcce                free_block1_buffer
 .text.prv_parseNumber
                0x0800bce8       0x54 build/uri.o
 .text.uri_getNumber
                0x0800bd3c       0x16 build/uri.o
                0x0800bd3c                uri_getNumber
 *fill*         0x0800bd52        0x2 
 .text.uri_decode
                0x0800bd54      0x1c8 build/uri.o
                0x0800bd54                uri_decode
 .text.lwm2m_stringToUri
                0x0800bf1c      0x22c build/uri.o
                0x0800bf1c                lwm2m_stringToUri
 .text.uri_toString
                0x0800c148      0x170 build/uri.o
                0x0800c148                uri_toString
 .text.prv_isBoostrpEnable
                0x0800c2b8        0x4 build/liblwm2m.o
 .text.lwm2m_setBsCtrlStatWithoutCheck
                0x0800c2bc       0x46 build/liblwm2m.o
 .text.prv_deleteServer
                0x0800c302       0x22 build/liblwm2m.o
 .text.prv_deleteServerList
                0x0800c324       0x18 build/liblwm2m.o
 .text.lwm2m_reset_register
                0x0800c33c       0x34 build/liblwm2m.o
 .text.prv_refreshServerList
                0x0800c370       0x6a build/liblwm2m.o
 .text.lwm2m_delayBsRetry
                0x0800c3da       0x2c build/liblwm2m.o
 *fill*         0x0800c406        0x2 
 .text.lwm2m_init
                0x0800c408       0x40 build/liblwm2m.o
                0x0800c408                lwm2m_init
 .text.lwm2m_register_event_handler
                0x0800c448        0xc build/liblwm2m.o
                0x0800c448                lwm2m_register_event_handler
 .text.lwm2m_notify_even
                0x0800c454       0x10 build/liblwm2m.o
                0x0800c454                lwm2m_notify_even
 .text.prv_deleteObservedList
                0x0800c464       0x4a build/liblwm2m.o
 *fill*         0x0800c4ae        0x2 
 .text.lwm2m_deregister
                0x0800c4b0       0x30 build/liblwm2m.o
                0x0800c4b0                lwm2m_deregister
 .text.prv_deleteTransactionList
                0x0800c4e0       0x24 build/liblwm2m.o
                0x0800c4e0                prv_deleteTransactionList
 .text.lwm2m_close
                0x0800c504       0x54 build/liblwm2m.o
                0x0800c504                lwm2m_close
 .text.lwm2m_isBsCtrlInServerInitiatedBs
                0x0800c558       0x18 build/liblwm2m.o
                0x0800c558                lwm2m_isBsCtrlInServerInitiatedBs
 .text.lwm2m_initBsCtrlStat
                0x0800c570       0x12 build/liblwm2m.o
                0x0800c570                lwm2m_initBsCtrlStat
 *fill*         0x0800c582        0x2 
 .text.lwm2m_setBsCtrlStat
                0x0800c584       0xac build/liblwm2m.o
                0x0800c584                lwm2m_setBsCtrlStat
 .text.lwm2m_getBsCtrlStat
                0x0800c630        0x6 build/liblwm2m.o
                0x0800c630                lwm2m_getBsCtrlStat
 .text.lwm2m_configure
                0x0800c636       0xe0 build/liblwm2m.o
                0x0800c636                lwm2m_configure
 *fill*         0x0800c716        0x2 
 .text.lwm2m_reconnect
                0x0800c718       0x54 build/liblwm2m.o
                0x0800c718                lwm2m_reconnect
 .text.lwm2m_initBootStrap
                0x0800c76c       0x34 build/liblwm2m.o
                0x0800c76c                lwm2m_initBootStrap
 .text.lwm2m_step
                0x0800c7a0      0x27c build/liblwm2m.o
                0x0800c7a0                lwm2m_step
 .text.prv_findAttributes
                0x0800ca1c       0x34 build/discover.o
 .text.prv_serializeAttributes
                0x0800ca50      0x2e0 build/discover.o
 .text.prv_serializeLinkData
                0x0800cd30      0x240 build/discover.o
 .text.discover_serialize
                0x0800cf70      0x30c build/discover.o
                0x0800cf70                discover_serialize
 .text.lwm2m_list_add
                0x0800d27c       0x32 build/list.o
                0x0800d27c                lwm2m_list_add
 .text.lwm2m_list_find
                0x0800d2ae       0x1a build/list.o
                0x0800d2ae                lwm2m_list_find
 .text.lwm2m_list_remove
                0x0800d2c8       0x52 build/list.o
                0x0800d2c8                lwm2m_list_remove
 .text.lwm2m_list_newId
                0x0800d31a       0x16 build/list.o
                0x0800d31a                lwm2m_list_newId
 .text.lwm2m_list_free
                0x0800d330       0x14 build/list.o
                0x0800d330                lwm2m_list_free
 .text.prv_handleDeregistrationReply
                0x0800d344       0x16 build/registration.o
 *fill*         0x0800d35a        0x2 
 .text.prv_handleRegistrationUpdateReply
                0x0800d35c       0x68 build/registration.o
 .text.prv_handleRegistrationReply
                0x0800d3c4       0x88 build/registration.o
 .text.prv_getRegistrationQueryLength
                0x0800d44c       0x74 build/registration.o
 .text.prv_getRegistrationQuery
                0x0800d4c0      0x130 build/registration.o
 .text.prv_register
                0x0800d5f0      0x158 build/registration.o
 .text.prv_updateRegistration
                0x0800d748       0xc4 build/registration.o
 .text.lwm2m_update_registration
                0x0800d80c      0x118 build/registration.o
                0x0800d80c                lwm2m_update_registration
 .text.registration_start
                0x0800d924       0x98 build/registration.o
                0x0800d924                registration_start
 .text.registration_getStatus
                0x0800d9bc      0x1a8 build/registration.o
                0x0800d9bc                registration_getStatus
 .text.registration_deregister
                0x0800db64      0x18c build/registration.o
                0x0800db64                registration_deregister
 .text.registration_reset
                0x0800dcf0       0x1c build/registration.o
                0x0800dcf0                registration_reset
 .text.registration_get_registered_server
                0x0800dd0c       0x40 build/registration.o
                0x0800dd0c                registration_get_registered_server
 .text.registration_step
                0x0800dd4c      0x210 build/registration.o
                0x0800dd4c                registration_step
 .text.prv_findObserved
                0x0800df5c       0x68 build/observe.o
 .text.prv_unlinkObserved
                0x0800dfc4       0x1e build/observe.o
 .text.prv_findWatcher
                0x0800dfe2       0x10 build/observe.o
 .text.prv_getWatcher
                0x0800dff2       0x9a build/observe.o
 .text.lwm2m_register_observe_ack_call_back
                0x0800e08c        0xc build/observe.o
                0x0800e08c                lwm2m_register_observe_ack_call_back
 .text.observe_cancel
                0x0800e098       0xc4 build/observe.o
                0x0800e098                observe_cancel
 .text.observe_handleRequest
                0x0800e15c      0x234 build/observe.o
                0x0800e15c                observe_handleRequest
 .text.observe_clear
                0x0800e390       0xc4 build/observe.o
                0x0800e390                observe_clear
 .text.observe_setParameters
                0x0800e454      0x270 build/observe.o
                0x0800e454                observe_setParameters
 .text.observe_findByUri
                0x0800e6c4      0x150 build/observe.o
                0x0800e6c4                observe_findByUri
 .text.lwm2m_resource_value_changed
                0x0800e814      0x134 build/observe.o
                0x0800e814                lwm2m_resource_value_changed
 .text.observe_send_transaction
                0x0800e948       0xc0 build/observe.o
                0x0800e948                observe_send_transaction
 .text.observe_app_step
                0x0800ea08      0x150 build/observe.o
                0x0800ea08                observe_app_step
 .text.observe_step
                0x0800eb58      0x7d0 build/observe.o
                0x0800eb58                observe_step
 .text.lwm2m_get_observe_info
                0x0800f328       0x68 build/observe.o
                0x0800f328                lwm2m_get_observe_info
 .text.lwm2m_send_notify
                0x0800f390      0x120 build/observe.o
                0x0800f390                lwm2m_send_notify
 .text.prv_init_forbidden
                0x0800f4b0       0x7e build/objects.o
 .text.prv_getObjectTemplate
                0x0800f52e       0x44 build/objects.o
 .text.prv_findServerInstance
                0x0800f572       0x72 build/objects.o
 .text.prv_getMandatoryInfo
                0x0800f5e4       0x9e build/objects.o
 *fill*         0x0800f682        0x2 
 .text.object_checkReadable
                0x0800f684       0xdc build/objects.o
                0x0800f684                object_checkReadable
 .text.object_checkNumeric
                0x0800f760       0xd4 build/objects.o
                0x0800f760                object_checkNumeric
 .text.object_readData
                0x0800f834      0x1c0 build/objects.o
                0x0800f834                object_readData
 .text.object_read
                0x0800f9f4       0xe4 build/objects.o
                0x0800f9f4                object_read
 .text.object_write
                0x0800fad8       0xe4 build/objects.o
                0x0800fad8                object_write
 .text.object_execute
                0x0800fbbc       0xa4 build/objects.o
                0x0800fbbc                object_execute
 .text.object_create
                0x0800fc60      0x158 build/objects.o
                0x0800fc60                object_create
 .text.object_delete
                0x0800fdb8      0x11c build/objects.o
                0x0800fdb8                object_delete
 .text.object_discover
                0x0800fed4      0x1a0 build/objects.o
                0x0800fed4                object_discover
 .text.object_getRegisterPayloadBufferLength
                0x08010074       0x94 build/objects.o
                0x08010074                object_getRegisterPayloadBufferLength
 .text.object_getRegisterPayload
                0x08010108      0x134 build/objects.o
                0x08010108                object_getRegisterPayload
 .text.object_getServers
                0x0801023c      0x298 build/objects.o
                0x0801023c                object_getServers
 .text.prv_getHeaderType
                0x080104d4       0x28 build/tlv.o
 .text.prv_getDataType
                0x080104fc       0x28 build/tlv.o
 .text.prv_getHeaderLength
                0x08010524       0x24 build/tlv.o
 .text.prv_createHeader
                0x08010548       0x9c build/tlv.o
 .text.prv_encodeInt
                0x080105e4       0x78 build/tlv.o
 .text.prv_getLength
                0x0801065c      0x110 build/tlv.o
 .text.prv_encodeFloat
                0x0801076c       0x5c build/tlv.o
 .text.lwm2m_decode_TLV
                0x080107c8      0x118 build/tlv.o
                0x080107c8                lwm2m_decode_TLV
 .text.tlv_parse
                0x080108e0       0xec build/tlv.o
                0x080108e0                tlv_parse
 .text.tlv_serialize
                0x080109cc      0x258 build/tlv.o
                0x080109cc                tlv_serialize
 .text.prv_readAttributes
                0x08010c24      0x334 build/management.o
 .text.dm_handleRequest
                0x08010f58      0x4c8 build/management.o
                0x08010f58                dm_handleRequest
 .text.handle_request
                0x08011420       0x80 build/packet.o
 .text.handle_reset
                0x080114a0       0x2c build/packet.o
 .text.message_send
                0x080114cc       0xb8 build/packet.o
                0x080114cc                message_send
 .text.lwm2m_handle_packet
                0x08011584      0x4a8 build/packet.o
                0x08011584                lwm2m_handle_packet
 .text.output_buffer
                0x08011a2c        0x2 build/commandline.o
                0x08011a2c                output_buffer
 .text.lwm2m_malloc
                0x08011a2e        0x8 build/platform_adapter.o
                0x08011a2e                lwm2m_malloc
 .text.lwm2m_free
                0x08011a36        0xc build/platform_adapter.o
                0x08011a36                lwm2m_free
 .text.lwm2m_strdup
                0x08011a42       0x20 build/platform_adapter.o
                0x08011a42                lwm2m_strdup
 .text.lwm2m_strncmp
                0x08011a62        0x8 build/platform_adapter.o
                0x08011a62                lwm2m_strncmp
 .text.lwm2m_gettime
                0x08011a6a       0x14 build/platform_adapter.o
                0x08011a6a                lwm2m_gettime
 .text.lwm2m_rand
                0x08011a7e        0x8 build/platform_adapter.o
                0x08011a7e                lwm2m_rand
 .text.lwm2m_delay
                0x08011a86        0x8 build/platform_adapter.o
                0x08011a86                lwm2m_delay
 *fill*         0x08011a8e        0x2 
 .text.prv_set_value
                0x08011a90      0x194 build/object_connectivity_moni.o
 .text.prv_read
                0x08011c24       0x80 build/object_connectivity_moni.o
 .text.get_object_conn_m
                0x08011ca4       0xe0 build/object_connectivity_moni.o
                0x08011ca4                get_object_conn_m
 .text.free_object_conn_m
                0x08011d84       0x18 build/object_connectivity_moni.o
                0x08011d84                free_object_conn_m
 .text.atiny_fota_state_default_handle
                0x08011d9c       0x7c build/atiny_fota_state.o
 .text.atiny_fota_idle_state_get_result
                0x08011e18       0x5c build/atiny_fota_state.o
 .text.atiny_fota_downloading_state_recv_notify_ack
                0x08011e74       0xa0 build/atiny_fota_state.o
 .text.atiny_fota_idle_state_recv_notify_ack
                0x08011f14      0x10c build/atiny_fota_state.o
 .text.atiny_fota_start_download
                0x08012020       0x54 build/atiny_fota_state.o
 .text.atiny_fota_downloading_state_finish_download
                0x08012074       0x60 build/atiny_fota_state.o
 .text.atiny_fota_idle_state_report_result
                0x080120d4       0xc8 build/atiny_fota_state.o
 .text.atiny_fota_downloaded_state_recv_notify_ack
                0x0801219c      0x200 build/atiny_fota_state.o
 .text.atiny_fota_downloaded_state_execute_update
                0x0801239c       0x60 build/atiny_fota_state.o
 .text.atiny_fota_state_init
                0x080123fc       0x14 build/atiny_fota_state.o
                0x080123fc                atiny_fota_state_init
 .text.atiny_fota_idle_state_int_report_result
                0x08012410      0x15c build/atiny_fota_state.o
                0x08012410                atiny_fota_idle_state_int_report_result
 .text.atiny_fota_idle_state_init
                0x0801256c       0x30 build/atiny_fota_state.o
                0x0801256c                atiny_fota_idle_state_init
 .text.atiny_fota_downloading_state_init
                0x0801259c       0x1c build/atiny_fota_state.o
                0x0801259c                atiny_fota_downloading_state_init
 .text.atiny_fota_downloaded_state_init
                0x080125b8       0x24 build/atiny_fota_state.o
                0x080125b8                atiny_fota_downloaded_state_init
 .text.atiny_fota_updating_state_init
                0x080125dc        0x8 build/atiny_fota_state.o
                0x080125dc                atiny_fota_updating_state_init
 .text.atiny_fota_manager_rcv_notify_ack
                0x080125e4       0x84 build/atiny_fota_manager.o
 .text.atiny_fota_manager_get_pkg_uri
                0x08012668       0x40 build/atiny_fota_manager.o
                0x08012668                atiny_fota_manager_get_pkg_uri
 .text.atiny_fota_manager_get_state
                0x080126a8       0x40 build/atiny_fota_manager.o
                0x080126a8                atiny_fota_manager_get_state
 .text.atiny_fota_manager_get_rpt_state
                0x080126e8       0x44 build/atiny_fota_manager.o
                0x080126e8                atiny_fota_manager_get_rpt_state
 .text.atiny_fota_manager_get_update_result
                0x0801272c       0x40 build/atiny_fota_manager.o
                0x0801272c                atiny_fota_manager_get_update_result
 .text.atiny_fota_manager_set_update_result
                0x0801276c       0x3c build/atiny_fota_manager.o
                0x0801276c                atiny_fota_manager_set_update_result
 .text.atiny_fota_manager_get_deliver_method
                0x080127a8        0x4 build/atiny_fota_manager.o
                0x080127a8                atiny_fota_manager_get_deliver_method
 .text.atiny_fota_manager_start_download
                0x080127ac      0x160 build/atiny_fota_manager.o
                0x080127ac                atiny_fota_manager_start_download
 .text.atiny_fota_manager_execute_update
                0x0801290c       0xfc build/atiny_fota_manager.o
                0x0801290c                atiny_fota_manager_execute_update
 .text.atiny_fota_manager_finish_download
                0x08012a08      0x100 build/atiny_fota_manager.o
                0x08012a08                atiny_fota_manager_finish_download
 .text.atiny_fota_manager_update_notify
                0x08012b08        0xe build/atiny_fota_manager.o
                0x08012b08                atiny_fota_manager_update_notify
 *fill*         0x08012b16        0x2 
 .text.atiny_fota_manager_repot_result
                0x08012b18       0x80 build/atiny_fota_manager.o
                0x08012b18                atiny_fota_manager_repot_result
 .text.atiny_fota_manager_set_state
                0x08012b98       0xf4 build/atiny_fota_manager.o
                0x08012b98                atiny_fota_manager_set_state
 .text.atiny_fota_manager_save_rpt_state
                0x08012c8c       0x84 build/atiny_fota_manager.o
                0x08012c8c                atiny_fota_manager_save_rpt_state
 .text.atiny_fota_manager_rpt_state
                0x08012d10       0x68 build/atiny_fota_manager.o
                0x08012d10                atiny_fota_manager_rpt_state
 .text.atiny_fota_manager_set_storage_device
                0x08012d78      0x144 build/atiny_fota_manager.o
                0x08012d78                atiny_fota_manager_set_storage_device
 .text.atiny_fota_manager_get_storage_device
                0x08012ebc       0x44 build/atiny_fota_manager.o
                0x08012ebc                atiny_fota_manager_get_storage_device
 .text.atiny_fota_manager_init
                0x08012f00       0x58 build/atiny_fota_manager.o
                0x08012f00                atiny_fota_manager_init
 .text.atiny_fota_manager_destroy
                0x08012f58       0x50 build/atiny_fota_manager.o
                0x08012f58                atiny_fota_manager_destroy
 .text.atiny_fota_manager_set_lwm2m_context
                0x08012fa8       0x4c build/atiny_fota_manager.o
                0x08012fa8                atiny_fota_manager_set_lwm2m_context
 .text.atiny_fota_manager_get_lwm2m_context
                0x08012ff4       0x44 build/atiny_fota_manager.o
                0x08012ff4                atiny_fota_manager_get_lwm2m_context
 .text.atiny_fota_manager_get_data_cfg
                0x08013038       0x7c build/atiny_fota_manager.o
                0x08013038                atiny_fota_manager_get_data_cfg
 .text.atiny_fota_manager_get_instance
                0x080130b4       0x1c build/atiny_fota_manager.o
                0x080130b4                atiny_fota_manager_get_instance
 .text.atiny_fota_manager_flag_write
                0x080130d0       0x5c build/atiny_fota_manager.o
 .text.atiny_fota_manager_flag_read
                0x0801312c       0x58 build/atiny_fota_manager.o
 .text.atiny_fota_manager_notify_ack_callback
                0x08013184       0x8c build/atiny_fota_manager.o
 .text.prv_firmware_execute
                0x08013210       0x28 build/object_firmware.o
 .text.prv_firmware_write
                0x08013238       0x8c build/object_firmware.o
 .text.prv_firmware_read
                0x080132c4      0x13c build/object_firmware.o
 .text.get_object_firmware
                0x08013400       0x50 build/object_firmware.o
                0x08013400                get_object_firmware
 .text.free_object_firmware
                0x08013450       0x24 build/object_firmware.o
                0x08013450                free_object_firmware
 .text.prv_get_acc_instance
                0x08013474       0x14 build/object_access_control.o
 .text.prv_post_action_check
                0x08013488       0x30 build/object_access_control.o
 .text.prv_get_srv_cnt
                0x080134b8       0x18 build/object_access_control.o
 .text.prv_delete
                0x080134d0       0x2c build/object_access_control.o
 .text.prv_add_ac_val
                0x080134fc       0x2a build/object_access_control.o
 .text.prv_acc_self_auth_check
                0x08013526       0x36 build/object_access_control.o
 .text.prv_get_acl_instance
                0x0801355c       0x1c build/object_access_control.o
 .text.prv_check_instance_auth
                0x08013578       0x3a build/object_access_control.o
 .text.prv_pre_auth_check
                0x080135b2       0x56 build/object_access_control.o
 .text.prv_write_resources
                0x08013608      0x188 build/object_access_control.o
 .text.prv_create
                0x08013790       0x56 build/object_access_control.o
 .text.prv_write
                0x080137e6       0x10 build/object_access_control.o
 .text.prv_set_tlv
                0x080137f6       0x8e build/object_access_control.o
 .text.prv_read
                0x08013884       0xcc build/object_access_control.o
 .text.acc_ctrl_create_object
                0x08013950       0x3c build/object_access_control.o
                0x08013950                acc_ctrl_create_object
 .text.acl_ctrl_free_object
                0x0801398c       0x24 build/object_access_control.o
                0x0801398c                acl_ctrl_free_object
 .text.acc_auth_operate
                0x080139b0       0x52 build/object_access_control.o
                0x080139b0                acc_auth_operate
 .text.atiny_is_uri_equal
                0x08013a02       0x54 build/atiny_rpt.o
 *fill*         0x08013a56        0x2 
 .text.atiny_find_rpt_list
                0x08013a58       0x2c build/atiny_rpt.o
 .text.atiny_visit_list
                0x08013a84       0x1c build/atiny_rpt.o
 .text.atiny_clear_rpt_list_node_data
                0x08013aa0       0x1e build/atiny_rpt.o
 .text.atiny_free_list
                0x08013abe       0x40 build/atiny_rpt.o
 *fill*         0x08013afe        0x2 
 .text.atiny_clear_rpt_list
                0x08013b00       0x14 build/atiny_rpt.o
 .text.atiny_notify_stack_rpt_data_change
                0x08013b14       0x64 build/atiny_rpt.o
 .text.atiny_init_rpt
                0x08013b78       0x5c build/atiny_rpt.o
                0x08013b78                atiny_init_rpt
 .text.atiny_add_rpt_uri
                0x08013bd4      0x164 build/atiny_rpt.o
                0x08013bd4                atiny_add_rpt_uri
 .text.atiny_rm_rpt_uri
                0x08013d38       0xd0 build/atiny_rpt.o
                0x08013d38                atiny_rm_rpt_uri
 .text.atiny_dequeue_rpt_data
                0x08013e08       0xd4 build/atiny_rpt.o
                0x08013e08                atiny_dequeue_rpt_data
 .text.atiny_queue_rpt_data
                0x08013edc      0x188 build/atiny_rpt.o
                0x08013edc                atiny_queue_rpt_data
 .text.atiny_clear_rpt_data
                0x08014064       0xc0 build/atiny_rpt.o
                0x08014064                atiny_clear_rpt_data
 .text.atiny_step_rpt
                0x08014124       0x2c build/atiny_rpt.o
                0x08014124                atiny_step_rpt
 .text.atiny_destroy_rpt
                0x08014150       0x28 build/atiny_rpt.o
                0x08014150                atiny_destroy_rpt
 .text.atiny_set_max_rpt_cnt
                0x08014178       0x78 build/atiny_rpt.o
                0x08014178                atiny_set_max_rpt_cnt
 .text.observe_handle_ack
                0x080141f0       0x32 build/agenttiny.o
                0x080141f0                observe_handle_ack
 *fill*         0x08014222        0x2 
 .text.atiny_check_bootstrap_init_param
                0x08014224       0x88 build/agenttiny.o
 .text.atiny_event_handle
                0x080142ac       0x7c build/agenttiny.o
                0x080142ac                atiny_event_handle
 .text.atiny_handle_reconnect
                0x08014328       0x4c build/agenttiny.o
 .text.lwm2m_poll
                0x08014374       0x88 build/agenttiny.o
 .text.atiny_init
                0x080143fc      0x120 build/agenttiny.o
                0x080143fc                atiny_init
 .text.atiny_set_bootstrap_sequence_state
                0x0801451c        0xe build/agenttiny.o
                0x0801451c                atiny_set_bootstrap_sequence_state
 *fill*         0x0801452a        0x2 
 .text.atiny_init_objects
                0x0801452c      0x32c build/agenttiny.o
                0x0801452c                atiny_init_objects
 .text.atiny_destroy
                0x08014858       0x7a build/agenttiny.o
                0x08014858                atiny_destroy
 *fill*         0x080148d2        0x2 
 .text.reboot_check
                0x080148d4       0x1c build/agenttiny.o
                0x080148d4                reboot_check
 .text.atiny_deinit
                0x080148f0       0x1a build/agenttiny.o
                0x080148f0                atiny_deinit
 *fill*         0x0801490a        0x2 
 .text.atiny_bind
                0x0801490c      0x1ac build/agenttiny.o
                0x0801490c                atiny_bind
 .text.atiny_data_report
                0x08014ab8      0x100 build/agenttiny.o
                0x08014ab8                atiny_data_report
 .text.atiny_data_change
                0x08014bb8       0xb8 build/agenttiny.o
                0x08014bb8                atiny_data_change
 .text.atiny_reconnect
                0x08014c70       0x4c build/agenttiny.o
                0x08014c70                atiny_reconnect
 .text.atiny_connection_err_notify
                0x08014cbc       0x7c build/agenttiny.o
 .text.atiny_set_reboot_flag
                0x08014d38        0xc build/agenttiny.o
                0x08014d38                atiny_set_reboot_flag
 .text.record_fw_uri
                0x08014d44       0x84 build/firmware_update.o
 .text.firmware_download_reply
                0x08014dc8      0x430 build/firmware_update.o
 .text.update_uri_info
                0x080151f8       0xc4 build/firmware_update.o
 .text.set_firmware_update_notify
                0x080152bc       0x14 build/firmware_update.o
                0x080152bc                set_firmware_update_notify
 .text.parse_firmware_uri
                0x080152d0       0xfc build/firmware_update.o
                0x080152d0                parse_firmware_uri
 .text.start_firmware_download
                0x080153cc      0x29c build/firmware_update.o
                0x080153cc                start_firmware_download
 .text.prv_destroy_data_buf
                0x08015668       0x2e build/object_binary_app_data_container.o
 .text.prv_delete
                0x08015696       0x44 build/object_binary_app_data_container.o
 .text.free_binary_app_data_object_rpt
                0x080156da       0x32 build/object_binary_app_data_container.o
 .text.prv_output_buffer
                0x0801570c       0xe8 build/object_binary_app_data_container.o
 .text.prv_exec
                0x080157f4       0xb0 build/object_binary_app_data_container.o
 .text.prv_write
                0x080158a4       0x38 build/object_binary_app_data_container.o
 .text.prv_create
                0x080158dc       0xbc build/object_binary_app_data_container.o
 .text.prv_discover
                0x08015998       0x50 build/object_binary_app_data_container.o
 .text.prv_read_data
                0x080159e8      0x110 build/object_binary_app_data_container.o
 .text.prv_read
                0x08015af8       0xd0 build/object_binary_app_data_container.o
 .text.free_binary_app_data_object
                0x08015bc8       0x22 build/object_binary_app_data_container.o
                0x08015bc8                free_binary_app_data_object
 *fill*         0x08015bea        0x2 
 .text.get_binary_app_data_object
                0x08015bec      0x100 build/object_binary_app_data_container.o
                0x08015bec                get_binary_app_data_object
 .text.set_binary_app_data_object_rpt_max_cnt
                0x08015cec       0x2e build/object_binary_app_data_container.o
                0x08015cec                set_binary_app_data_object_rpt_max_cnt
 .text.prv_server_execute
                0x08015d1a       0x30 build/object_server.o
 .text.prv_server_delete
                0x08015d4a       0x24 build/object_server.o
 .text.prv_set_int_value
                0x08015d6e       0x2c build/object_server.o
 *fill*         0x08015d9a        0x2 
 .text.prv_server_discover
                0x08015d9c       0x74 build/object_server.o
 .text.prv_get_value
                0x08015e10       0x80 build/object_server.o
 .text.prv_server_read
                0x08015e90       0x7c build/object_server.o
 .text.prv_server_check_binding_valid
                0x08015f0c       0x88 build/object_server.o
                0x08015f0c                prv_server_check_binding_valid
 .text.prv_server_write
                0x08015f94      0x12c build/object_server.o
 .text.prv_server_create
                0x080160c0       0x52 build/object_server.o
 *fill*         0x08016112        0x2 
 .text.get_server_object
                0x08016114       0xcc build/object_server.o
                0x08016114                get_server_object
 .text.clean_server_object
                0x080161e0       0x1e build/object_server.o
                0x080161e0                clean_server_object
 .text.prv_get_value
                0x080161fe       0xd4 build/object_security.o
 *fill*         0x080162d2        0x2 
 .text.prv_security_read
                0x080162d4       0x8c build/object_security.o
 .text.clean_security_object
                0x08016360       0x3c build/object_security.o
                0x08016360                clean_security_object
 .text.get_security_object
                0x0801639c      0x1a8 build/object_security.o
                0x0801639c                get_security_object
 .text.connection_is_valid
                0x08016544       0x20 build/connection.o
 .text.connection_parse_host_ip
                0x08016564      0x108 build/connection.o
                0x08016564                connection_parse_host_ip
 .text.connection_create
                0x0801666c      0x1b0 build/connection.o
                0x0801666c                connection_create
 .text.connection_free
                0x0801681c        0xe build/connection.o
                0x0801681c                connection_free
 *fill*         0x0801682a        0x2 
 .text.lwm2m_connect_server
                0x0801682c       0xcc build/connection.o
                0x0801682c                lwm2m_connect_server
 .text.lwm2m_close_connection
                0x080168f8       0x38 build/connection.o
                0x080168f8                lwm2m_close_connection
 .text.lwm2m_buffer_recv
                0x08016930       0x50 build/connection.o
                0x08016930                lwm2m_buffer_recv
 .text.lwm2m_buffer_send
                0x08016980       0xc8 build/connection.o
                0x08016980                lwm2m_buffer_send
 .text.lwm2m_session_is_equal
                0x08016a48        0xa build/connection.o
                0x08016a48                lwm2m_session_is_equal
 *fill*         0x08016a52        0x2 
 .text.lwm2m_register_connection_err_notify
                0x08016a54        0xc build/connection.o
                0x08016a54                lwm2m_register_connection_err_notify
 .text.prv_res2tlv
                0x08016a60      0x118 build/object_location.o
 .text.prv_location_read
                0x08016b78       0x6c build/object_location.o
 .text.get_object_location
                0x08016be4       0x40 build/object_location.o
                0x08016be4                get_object_location
 .text.free_object_location
                0x08016c24       0x18 build/object_location.o
                0x08016c24                free_object_location
 .text.prv_check_time_offset
                0x08016c3c       0x8e build/object_device.o
 *fill*         0x08016cca        0x2 
 .text.prv_device_execute
                0x08016ccc       0x54 build/object_device.o
 .text.prv_device_write
                0x08016d20       0x9e build/object_device.o
 *fill*         0x08016dbe        0x2 
 .text.prv_device_discover
                0x08016dc0       0x80 build/object_device.o
 .text.prv_set_value
                0x08016e40      0x276 build/object_device.o
 *fill*         0x080170b6        0x2 
 .text.prv_device_read
                0x080170b8       0x78 build/object_device.o
 .text.get_object_device
                0x08017130       0x58 build/object_device.o
                0x08017130                get_object_device
 .text.free_object_device
                0x08017188       0x24 build/object_device.o
                0x08017188                free_object_device
 .text.ack_callback
                0x080171ac       0x40 build/agent_tiny_demo.o
                0x080171ac                ack_callback
 .text.app_data_report_collection
                0x080171ec       0x6c build/agent_tiny_demo.o
                0x080171ec                app_data_report_collection
 .text.HexStrToStr
                0x08017258       0x60 build/agent_tiny_demo.o
 .text.app_data_report
                0x080172b8       0xdc build/agent_tiny_demo.o
                0x080172b8                app_data_report
 .text.reply_report_task
                0x08017394       0x80 build/agent_tiny_demo.o
                0x08017394                reply_report_task
 .text.creat_collection_task
                0x08017414       0x30 build/agent_tiny_demo.o
                0x08017414                creat_collection_task
 .text.creat_report_task
                0x08017444       0x30 build/agent_tiny_demo.o
                0x08017444                creat_report_task
 .text.creat_reply_report_task
                0x08017474       0x30 build/agent_tiny_demo.o
                0x08017474                creat_reply_report_task
 .text.agent_tiny_entry
                0x080174a4      0x134 build/agent_tiny_demo.o
                0x080174a4                agent_tiny_entry
 .text.atiny_str_to_hex
                0x080175d8       0x40 build/agent_tiny_cmd_ioctl.o
 .text.atiny_get_manufacturer
                0x08017618       0x10 build/agent_tiny_cmd_ioctl.o
                0x08017618                atiny_get_manufacturer
 .text.atiny_get_model_number
                0x08017628       0x10 build/agent_tiny_cmd_ioctl.o
                0x08017628                atiny_get_model_number
 .text.atiny_get_serial_number
                0x08017638       0x10 build/agent_tiny_cmd_ioctl.o
                0x08017638                atiny_get_serial_number
 .text.atiny_get_firmware_ver
                0x08017648       0x10 build/agent_tiny_cmd_ioctl.o
                0x08017648                atiny_get_firmware_ver
 .text.atiny_do_dev_reboot
                0x08017658       0x14 build/agent_tiny_cmd_ioctl.o
                0x08017658                atiny_do_dev_reboot
 .text.atiny_do_factory_reset
                0x0801766c       0x10 build/agent_tiny_cmd_ioctl.o
                0x0801766c                atiny_do_factory_reset
 .text.atiny_get_power_source
                0x0801767c        0x8 build/agent_tiny_cmd_ioctl.o
                0x0801767c                atiny_get_power_source
 .text.atiny_get_source_voltage
                0x08017684        0xa build/agent_tiny_cmd_ioctl.o
                0x08017684                atiny_get_source_voltage
 .text.atiny_get_power_current
                0x0801768e        0x8 build/agent_tiny_cmd_ioctl.o
                0x0801768e                atiny_get_power_current
 .text.atiny_get_baterry_level
                0x08017696        0x8 build/agent_tiny_cmd_ioctl.o
                0x08017696                atiny_get_baterry_level
 *fill*         0x0801769e        0x2 
 .text.atiny_get_memory_free
                0x080176a0       0x38 build/agent_tiny_cmd_ioctl.o
                0x080176a0                atiny_get_memory_free
 .text.atiny_get_dev_err
                0x080176d8       0x10 build/agent_tiny_cmd_ioctl.o
                0x080176d8                atiny_get_dev_err
 .text.atiny_do_reset_dev_err
                0x080176e8        0xc build/agent_tiny_cmd_ioctl.o
                0x080176e8                atiny_do_reset_dev_err
 .text.atiny_get_current_time
                0x080176f4       0x30 build/agent_tiny_cmd_ioctl.o
                0x080176f4                atiny_get_current_time
 .text.atiny_set_current_time
                0x08017724       0x34 build/agent_tiny_cmd_ioctl.o
                0x08017724                atiny_set_current_time
 .text.atiny_get_UTC_offset
                0x08017758       0x28 build/agent_tiny_cmd_ioctl.o
                0x08017758                atiny_get_UTC_offset
 .text.atiny_set_UTC_offset
                0x08017780       0x14 build/agent_tiny_cmd_ioctl.o
                0x08017780                atiny_set_UTC_offset
 .text.atiny_get_timezone
                0x08017794       0x28 build/agent_tiny_cmd_ioctl.o
                0x08017794                atiny_get_timezone
 .text.atiny_set_timezone
                0x080177bc       0x14 build/agent_tiny_cmd_ioctl.o
                0x080177bc                atiny_set_timezone
 .text.atiny_get_bind_mode
                0x080177d0       0x24 build/agent_tiny_cmd_ioctl.o
                0x080177d0                atiny_get_bind_mode
 .text.atiny_get_firmware_state
                0x080177f4        0x8 build/agent_tiny_cmd_ioctl.o
                0x080177f4                atiny_get_firmware_state
 .text.atiny_get_network_bearer
                0x080177fc        0x8 build/agent_tiny_cmd_ioctl.o